<html>
<body>
<pre>
<h1>礦ision Build Log</h1>
<h2>Tool Versions:</h2>
IDE-Version: μVision V5.21.1.0
Copyright (C) 2016 ARM Ltd and ARM Germany GmbH. All rights reserved.
License Information: boob clever_bobo, CUMTB, LIC=KRMW3-A34J9-LQQ0Q-NBWI5-4TU5E-SG3H5
 
Tool Versions:
Toolchain:       MDK-ARM Plus  Version: 5.21a
Toolchain Path:  C:\Keil_v5\ARM\ARMCC\Bin
C Compiler:      Armcc.exe V5.06 update 3 (build 300)
Assembler:       Armasm.exe V5.06 update 3 (build 300)
Linker/Locator:  ArmLink.exe V5.06 update 3 (build 300)
Library Manager: ArmAr.exe V5.06 update 3 (build 300)
Hex Converter:   FromElf.exe V5.06 update 3 (build 300)
CPU DLL:         SARMCM3.DLL V5.21a
Dialog DLL:      DCM.DLL V1.13.8.0
Target DLL:      Segger\JL2CM3.dll V2.99.23.0
Dialog DLL:      TCM.DLL V1.14.14.0
 
<h2>Project:</h2>
D:\BaiduNetdiskDownload\【正点原子】MiniFly开源四轴飞行器\【正点原子】MiniFly开源四轴飞行器资料\2，MiniFly程序源码\5 , MiniFly V1.3\2，MiniFly Remoter\Firmware_F103 V1.3\USER\Firmware_F103.uvprojx
Project File Date:  12/31/2020

<h2>Output:</h2>
*** Using Compiler 'V5.06 update 3 (build 300)', folder: 'C:\Keil_v5\ARM\ARMCC\Bin'
Rebuild target 'Firmware_F103'
compiling stm32f10x_it.c...
compiling system_stm32f10x.c...
compiling delay.c...
compiling keyTask.c...
compiling beep.c...
compiling joystick.c...
compiling config_param.c...
compiling atkp.c...
compiling main.c...
compiling radiolink.c...
compiling sys.c...
compiling remoter_ctrl.c...
compiling usblink.c...
..\COMMUNICATE\src\usblink.c(216): warning:  #1182-D: a declaration cannot have a label
  									remoterData_t send_forward={0,10.0,0,50,0,0,0x01,0,0};
..\COMMUNICATE\src\usblink.c(220): warning:  #1182-D: a declaration cannot have a label
  									remoterData_t send_back={0,-10.0,0,50,0,0,0x01,0,0};
..\COMMUNICATE\src\usblink.c(224): warning:  #1182-D: a declaration cannot have a label
  									remoterData_t send_left={-10.0,0,0,50,0,0,0x01,0,0};
..\COMMUNICATE\src\usblink.c(228): warning:  #1182-D: a declaration cannot have a label
  									remoterData_t send_right={10.0,0,0,50,0,0,0x01,0,0};
..\COMMUNICATE\src\usblink.c(213): warning:  #546-D: transfer of control bypasses initialization of:
            variable "send_forward" (declared at line 216)
            variable "send_back" (declared at line 220)
            variable "send_left" (declared at line 224)
            variable "send_right" (declared at line 228)
  							switch(c)
  							^
..\COMMUNICATE\src\usblink.c(239): warning:  #1182-D: a declaration cannot have a label
  									remoterData_t send_forward={0,10.0,0,50,0,0,0x01,1,0};
..\COMMUNICATE\src\usblink.c(243): warning:  #1182-D: a declaration cannot have a label
  									remoterData_t send_back={0,-10.0,0,50,0,0,0x01,1,0};
..\COMMUNICATE\src\usblink.c(247): warning:  #1182-D: a declaration cannot have a label
  									remoterData_t send_left={-10.0,0,0,50,0,0,0x01,1,0};
..\COMMUNICATE\src\usblink.c(251): warning:  #1182-D: a declaration cannot have a label
  									remoterData_t send_right={10.0,0,0,50,0,0,0x01,1,0};
..\COMMUNICATE\src\usblink.c(236): warning:  #546-D: transfer of control bypasses initialization of:
            variable "send_forward" (declared at line 239)
            variable "send_back" (declared at line 243)
            variable "send_left" (declared at line 247)
            variable "send_right" (declared at line 251)
  						 switch(c)
  						 ^
..\COMMUNICATE\src\usblink.c: 10 warnings, 0 errors
compiling debug_ui.c...
compiling display.c...
compiling joystickCalib_ui.c...
compiling menuL1_item.c...
compiling menu_ui.c...
compiling menuL3_item.c...
compiling menuL2_item.c...
compiling match_ui.c...
compiling main_ui.c...
compiling reset_ui.c...
compiling font.c...
compiling debug_assert.c...
compiling led.c...
compiling adc.c...
compiling freeRTOSdebug.c...
compiling key.c...
compiling stmflash.c...
compiling 24l01.c...
compiling button.c...
compiling trim_ui.c...
compiling oled.c...
compiling gui_basic.c...
compiling windows.c...
compiling list.c...
compiling timers.c...
compiling gui_menu.c...
compiling queue.c...
compiling heap_4.c...
compiling lcmdrv.c...
compiling text.c...
compiling messagebox.c...
compiling scrollbar.c...
compiling port.c...
compiling tasks.c...
compiling hw_config.c...
compiling usb_desc.c...
compiling usb_endp.c...
compiling usb_istr.c...
compiling usb_prop.c...
compiling usb_mem.c...
compiling usb_init.c...
compiling usb_int.c...
compiling usb_pwr.c...
compiling misc.c...
compiling usb_core.c...
compiling usb_sil.c...
compiling usb_regs.c...
compiling stm32f10x_gpio.c...
compiling stm32f10x_rcc.c...
compiling stm32f10x_usart.c...
assembling startup_stm32f10x_md.s...
compiling stm32f10x_exti.c...
compiling stm32f10x_spi.c...
compiling stm32f10x_adc.c...
compiling stm32f10x_dma.c...
compiling stm32f10x_flash.c...
linking...
Program Size: Code=41072 RO-data=14996 RW-data=1564 ZI-data=15988  
FromELF: creating hex file...
"..\OBJ\Firmware_F103.axf" - 0 Error(s), 10 Warning(s).

<h2>Collection of Component include folders:</h2>
  D:\BaiduNetdiskDownload\【正点原子】MiniFly开源四轴飞行器\【正点原子】MiniFly开源四轴飞行器资料\2，MiniFly程序源码\5 , MiniFly V1.3\2，MiniFly Remoter\Firmware_F103 V1.3\USER\RTE
  C:\Keil_v5\ARM\PACK\Keil\STM32F1xx_DFP\2.0.0\Device\Include

<h2>Collection of Component Files used:</h2>
Build Time Elapsed:  00:00:06
</pre>
</body>
</html>
