Component: ARM Compiler 5.06 update 3 (build 300) Tool: armlink [4d35c9]

==============================================================================

Section Cross References

    main.o(i.main) refers to misc.o(i.NVIC_SetVectorTable) for NVIC_SetVectorTable
    main.o(i.main) refers to misc.o(i.NVIC_PriorityGroupConfig) for NVIC_PriorityGroupConfig
    main.o(i.main) refers to delay.o(i.delay_init) for delay_init
    main.o(i.main) refers to config_param.o(i.configParamInit) for configParamInit
    main.o(i.main) refers to led.o(i.ledInit) for ledInit
    main.o(i.main) refers to oled.o(i.oledInit) for oledInit
    main.o(i.main) refers to beep.o(i.beepInit) for beepInit
    main.o(i.main) refers to key.o(i.keyInit) for keyInit
    main.o(i.main) refers to joystick.o(i.joystickInit) for joystickInit
    main.o(i.main) refers to hw_config.o(i.usb_vcp_init) for usb_vcp_init
    main.o(i.main) refers to radiolink.o(i.radiolinkInit) for radiolinkInit
    main.o(i.main) refers to usblink.o(i.usblinkInit) for usblinkInit
    main.o(i.main) refers to display.o(i.displayInit) for displayInit
    main.o(i.main) refers to tasks.o(i.xTaskCreate) for xTaskCreate
    main.o(i.main) refers to tasks.o(i.vTaskStartScheduler) for vTaskStartScheduler
    main.o(i.main) refers to main.o(.data) for .data
    main.o(i.main) refers to main.o(i.startTask) for startTask
    main.o(i.startTask) refers to port.o(i.vPortEnterCritical) for vPortEnterCritical
    main.o(i.startTask) refers to tasks.o(i.xTaskCreate) for xTaskCreate
    main.o(i.startTask) refers to tasks.o(i.vTaskDelete) for vTaskDelete
    main.o(i.startTask) refers to port.o(i.vPortExitCritical) for vPortExitCritical
    main.o(i.startTask) refers to radiolink.o(.data) for radiolinkTaskHandle
    main.o(i.startTask) refers to radiolink.o(i.radiolinkTask) for radiolinkTask
    main.o(i.startTask) refers to usblink.o(i.usblinkTxTask) for usblinkTxTask
    main.o(i.startTask) refers to usblink.o(i.usblinkRxTask) for usblinkRxTask
    main.o(i.startTask) refers to remoter_ctrl.o(i.commanderTask) for commanderTask
    main.o(i.startTask) refers to keytask.o(i.keyTask) for keyTask
    main.o(i.startTask) refers to display.o(i.displayTask) for displayTask
    main.o(i.startTask) refers to config_param.o(i.configParamTask) for configParamTask
    main.o(i.startTask) refers to atkp.o(i.radiolinkDataProcessTask) for radiolinkDataProcessTask
    main.o(i.startTask) refers to atkp.o(i.usblinkDataProcessTask) for usblinkDataProcessTask
    main.o(i.startTask) refers to main.o(.data) for .data
    system_stm32f10x.o(i.SystemCoreClockUpdate) refers to system_stm32f10x.o(.data) for .data
    system_stm32f10x.o(i.SystemInit) refers to system_stm32f10x.o(i.SetSysClockTo72) for SetSysClockTo72
    delay.o(i.SysTick_Handler) refers to tasks.o(i.xTaskGetSchedulerState) for xTaskGetSchedulerState
    delay.o(i.SysTick_Handler) refers to port.o(i.xPortSysTickHandler) for xPortSysTickHandler
    delay.o(i.delay_init) refers to misc.o(i.SysTick_CLKSourceConfig) for SysTick_CLKSourceConfig
    delay.o(i.delay_init) refers to system_stm32f10x.o(.data) for SystemCoreClock
    delay.o(i.delay_init) refers to delay.o(.data) for .data
    delay.o(i.delay_ms) refers to tasks.o(i.xTaskGetSchedulerState) for xTaskGetSchedulerState
    delay.o(i.delay_ms) refers to tasks.o(i.vTaskDelay) for vTaskDelay
    delay.o(i.delay_ms) refers to delay.o(i.delay_us) for delay_us
    delay.o(i.delay_ms) refers to delay.o(.data) for .data
    delay.o(i.delay_us) refers to delay.o(.data) for .data
    delay.o(i.delay_xms) refers to delay.o(i.delay_us) for delay_us
    config_param.o(i.configParamInit) refers to stmflash.o(i.STMFLASH_Read) for STMFLASH_Read
    config_param.o(i.configParamInit) refers to config_param.o(i.calculate_cksum) for calculate_cksum
    config_param.o(i.configParamInit) refers to memcpya.o(.text) for __aeabi_memcpy4
    config_param.o(i.configParamInit) refers to config_param.o(i.writeConfigParamToFlash) for writeConfigParamToFlash
    config_param.o(i.configParamInit) refers to config_param.o(.data) for .data
    config_param.o(i.configParamInit) refers to config_param.o(.bss) for .bss
    config_param.o(i.configParamReset) refers to memcpya.o(.text) for __aeabi_memcpy4
    config_param.o(i.configParamReset) refers to config_param.o(i.writeConfigParamToFlash) for writeConfigParamToFlash
    config_param.o(i.configParamReset) refers to config_param.o(.bss) for .bss
    config_param.o(i.configParamReset) refers to config_param.o(.data) for .data
    config_param.o(i.configParamTask) refers to tasks.o(i.vTaskDelay) for vTaskDelay
    config_param.o(i.configParamTask) refers to config_param.o(i.calculate_cksum) for calculate_cksum
    config_param.o(i.configParamTask) refers to stmflash.o(i.STMFLASH_Write) for STMFLASH_Write
    config_param.o(i.configParamTask) refers to config_param.o(.bss) for .bss
    config_param.o(i.configParamTask) refers to config_param.o(.data) for .data
[...]
    Standard_SetDeviceFeature                0x08005a69   Thumb Code    26  usb_core.o(i.Standard_SetDeviceFeature)
    Standard_SetEndPointFeature              0x08005a8d   Thumb Code   118  usb_core.o(i.Standard_SetEndPointFeature)
    Standard_SetInterface                    0x08005b15   Thumb Code    60  usb_core.o(i.Standard_SetInterface)
    Suspend                                  0x08005b5d   Thumb Code   114  usb_pwr.o(i.Suspend)
    SysTick_CLKSourceConfig                  0x08005bdd   Thumb Code    24  misc.o(i.SysTick_CLKSourceConfig)
    SysTick_Handler                          0x08005bf5   Thumb Code    20  delay.o(i.SysTick_Handler)
    SystemInit                               0x08005c09   Thumb Code    64  system_stm32f10x.o(i.SystemInit)
    USART_Config                             0x08005c59   Thumb Code    28  hw_config.o(i.USART_Config)
    USBWakeUp_IRQHandler                     0x08005c79   Thumb Code     8  hw_config.o(i.USBWakeUp_IRQHandler)
    USB_Cable_Config                         0x08005c81   Thumb Code     2  hw_config.o(i.USB_Cable_Config)
    USB_Init                                 0x08005c85   Thumb Code    22  usb_init.o(i.USB_Init)
    USB_Interrupts_Config                    0x08005cad   Thumb Code    78  hw_config.o(i.USB_Interrupts_Config)
    USB_Istr                                 0x08005cfd   Thumb Code   308  usb_istr.o(i.USB_Istr)
    USB_LP_CAN1_RX0_IRQHandler               0x08005e49   Thumb Code     4  hw_config.o(i.USB_LP_CAN1_RX0_IRQHandler)
    USB_Port_Set                             0x08005e4d   Thumb Code    64  hw_config.o(i.USB_Port_Set)
    USB_SIL_Init                             0x08005e99   Thumb Code    24  usb_sil.o(i.USB_SIL_Init)
    USB_SIL_Read                             0x08005eb9   Thumb Code    36  usb_sil.o(i.USB_SIL_Read)
    USB_SendData                             0x08005edd   Thumb Code    36  hw_config.o(i.USB_SendData)
    USB_To_USART_Send_Data                   0x08005f05   Thumb Code    46  hw_config.o(i.USB_To_USART_Send_Data)
    UsageFault_Handler                       0x08005f39   Thumb Code     2  stm32f10x_it.o(i.UsageFault_Handler)
    UserToPMABufferCopy                      0x08005f3d   Thumb Code    36  usb_mem.o(i.UserToPMABufferCopy)
    Virtual_Com_Port_Data_Setup              0x08005f65   Thumb Code    68  usb_prop.o(i.Virtual_Com_Port_Data_Setup)
    Virtual_Com_Port_GetConfigDescriptor     0x08005fb9   Thumb Code     6  usb_prop.o(i.Virtual_Com_Port_GetConfigDescriptor)
    Virtual_Com_Port_GetDeviceDescriptor     0x08005fc5   Thumb Code     6  usb_prop.o(i.Virtual_Com_Port_GetDeviceDescriptor)
    Virtual_Com_Port_GetLineCoding           0x08005fd1   Thumb Code    18  usb_prop.o(i.Virtual_Com_Port_GetLineCoding)
    Virtual_Com_Port_GetStringDescriptor     0x08005fed   Thumb Code    24  usb_prop.o(i.Virtual_Com_Port_GetStringDescriptor)
    Virtual_Com_Port_Get_Interface_Setting   0x0800600d   Thumb Code    14  usb_prop.o(i.Virtual_Com_Port_Get_Interface_Setting)
    Virtual_Com_Port_NoData_Setup            0x0800601d   Thumb Code    30  usb_prop.o(i.Virtual_Com_Port_NoData_Setup)
    Virtual_Com_Port_Reset                   0x08006041   Thumb Code   208  usb_prop.o(i.Virtual_Com_Port_Reset)
    Virtual_Com_Port_SetConfiguration        0x08006121   Thumb Code    16  usb_prop.o(i.Virtual_Com_Port_SetConfiguration)
    Virtual_Com_Port_SetDeviceAddress        0x08006139   Thumb Code     8  usb_prop.o(i.Virtual_Com_Port_SetDeviceAddress)
    Virtual_Com_Port_SetLineCoding           0x08006145   Thumb Code    18  usb_prop.o(i.Virtual_Com_Port_SetLineCoding)
    Virtual_Com_Port_Status_In               0x08006161   Thumb Code    20  usb_prop.o(i.Virtual_Com_Port_Status_In)
    Virtual_Com_Port_Status_Out              0x08006179   Thumb Code     2  usb_prop.o(i.Virtual_Com_Port_Status_Out)
    Virtual_Com_Port_init                    0x0800617d   Thumb Code    28  usb_prop.o(i.Virtual_Com_Port_init)
    __0sprintf                               0x080061a1   Thumb Code    34  printfa.o(i.__0sprintf)
    __1sprintf                               0x080061a1   Thumb Code     0  printfa.o(i.__0sprintf)
    __2sprintf                               0x080061a1   Thumb Code     0  printfa.o(i.__0sprintf)
    __c89sprintf                             0x080061a1   Thumb Code     0  printfa.o(i.__0sprintf)
    sprintf                                  0x080061a1   Thumb Code     0  printfa.o(i.__0sprintf)
    __scatterload_copy                       0x080061c9   Thumb Code    14  handlers.o(i.__scatterload_copy)
    __scatterload_null                       0x080061d7   Thumb Code     2  handlers.o(i.__scatterload_null)
    __scatterload_zeroinit                   0x080061d9   Thumb Code    14  handlers.o(i.__scatterload_zeroinit)
    assertFail                               0x08006aa5   Thumb Code     2  debug_assert.o(i.assertFail)
    beepInit                                 0x08006b5d   Thumb Code    82  beep.o(i.beepInit)
    cameraMenuInit                           0x08006be9   Thumb Code    78  menul3_item.o(i.cameraMenuInit)
    commanderTask                            0x08006c59   Thumb Code   512  remoter_ctrl.o(i.commanderTask)
    configParamInit                          0x08006e95   Thumb Code    74  config_param.o(i.configParamInit)
    configParamReset                         0x08006eed   Thumb Code    46  config_param.o(i.configParamReset)
    configParamTask                          0x08006f25   Thumb Code    76  config_param.o(i.configParamTask)
    controlmodeMenuInit                      0x08006f7d   Thumb Code   112  menul2_item.o(i.controlmodeMenuInit)
    deadband                                 0x0800700d   Thumb Code    34  joystick.o(i.deadband)
    debug_ui                                 0x08007031   Thumb Code   390  debug_ui.o(i.debug_ui)
    delay_init                               0x08007245   Thumb Code    60  delay.o(i.delay_init)
    delay_ms                                 0x0800728d   Thumb Code    52  delay.o(i.delay_ms)
    delay_us                                 0x080072c5   Thumb Code    48  delay.o(i.delay_us)
    displayInit                              0x080072f9   Thumb Code    46  display.o(i.displayInit)
    displayTask                              0x08007329   Thumb Code    72  display.o(i.displayTask)
    eTaskConfirmSleepModeStatus              0x08007375   Thumb Code    38  tasks.o(i.eTaskConfirmSleepModeStatus)
    exitMenu                                 0x080073a5   Thumb Code    28  menu_ui.o(i.exitMenu)
    expModuleMenuInit                        0x080073c9   Thumb Code    82  menul2_item.o(i.expModuleMenuInit)
    expModuleMenuSet                         0x08007441   Thumb Code    42  menul1_item.o(i.expModuleMenuSet)
    flipEnableMenuInit                       0x08007631   Thumb Code    94  menul2_item.o(i.flipEnableMenuInit)
    flySpeedMenuInit                         0x080076ad   Thumb Code   114  menul2_item.o(i.flySpeedMenuInit)
    flymodeMenuInit                          0x08007741   Thumb Code    96  menul2_item.o(i.flymodeMenuInit)
    getAdcValue                              0x080077bd   Thumb Code    38  adc.o(i.getAdcValue)
    getFlyControlData                        0x08007801   Thumb Code    12  remoter_ctrl.o(i.getFlyControlData)
    getFlyDataADCValue                       0x08007811   Thumb Code    38  joystick.o(i.getFlyDataADCValue)
    getIsMFCanFly                            0x08007839   Thumb Code     6  main_ui.o(i.getIsMFCanFly)
    getJoystick1Dir                          0x08007845   Thumb Code   176  joystick.o(i.getJoystick1Dir)
    getJoystick2Dir                          0x080078f9   Thumb Code   176  joystick.o(i.getJoystick2Dir)
    getKeyState                              0x080079ad   Thumb Code    10  keytask.o(i.getKeyState)
    getMenuSelectitem                        0x080079bd   Thumb Code    30  menu_ui.o(i.getMenuSelectitem)
    getMessageBoxStringlen                   0x080079db   Thumb Code    22  messagebox.o(i.getMessageBoxStringlen)
    getRCLock                                0x080079f1   Thumb Code     6  main_ui.o(i.getRCLock)
    getTrimFlag                              0x080079fd   Thumb Code     6  main_ui.o(i.getTrimFlag)
    getWindowStringlen                       0x08007a09   Thumb Code    22  windows.o(i.getWindowStringlen)
    gotoJoystickCalibUI                      0x08007a1f   Thumb Code    16  menul1_item.o(i.gotoJoystickCalibUI)
    gotoLastMenu                             0x08007a31   Thumb Code    70  menu_ui.o(i.gotoLastMenu)
    gotoMatchMiniFlyUI                       0x08007a81   Thumb Code    16  menul1_item.o(i.gotoMatchMiniFlyUI)
    gotoNextMenu                             0x08007a91   Thumb Code    40  menu_ui.o(i.gotoNextMenu)
    gotoResetUI                              0x08007abd   Thumb Code    16  menul1_item.o(i.gotoResetUI)
    isRadioAddrDefault                       0x08007acd   Thumb Code    24  match_ui.o(i.isRadioAddrDefault)
    joystickCalib_ui                         0x08007aed   Thumb Code   582  joystickcalib_ui.o(i.joystickCalib_ui)
    joystickInit                             0x08007d65   Thumb Code    24  joystick.o(i.joystickInit)
    keyInit                                  0x08007d85   Thumb Code    66  key.o(i.keyInit)
    keyTask                                  0x08007dd5   Thumb Code   348  keytask.o(i.keyTask)
    languageMenuInit                         0x08007f41   Thumb Code   110  menul2_item.o(i.languageMenuInit)
    ledInit                                  0x08007fd1   Thumb Code    72  led.o(i.ledInit)
    ledringMenuInit                          0x08008021   Thumb Code   124  menul3_item.o(i.ledringMenuInit)
    limit                                    0x080080dd   Thumb Code    36  remoter_ctrl.o(i.limit)
    main                                     0x08008101   Thumb Code    88  main.o(i.main)
    mainMenuInit                             0x08008171   Thumb Code   152  menul1_item.o(i.mainMenuInit)
    main_ui                                  0x08008245   Thumb Code   550  main_ui.o(i.main_ui)
    match_ui                                 0x0800850d   Thumb Code   448  match_ui.o(i.match_ui)
    miniFlyMsgACKProcess                     0x080086dd   Thumb Code    82  main_ui.o(i.miniFlyMsgACKProcess)
    mx_sin                                   0x0800877d   Thumb Code   140  trim_ui.o(i.mx_sin)
    my_cos                                   0x0800881d   Thumb Code    86  trim_ui.o(i.my_cos)
    my_sin                                   0x08008881   Thumb Code    76  trim_ui.o(i.my_sin)
    mypow                                    0x080088d5   Thumb Code    16  oled.o(i.mypow)
    nrfInit                                  0x080088e5   Thumb Code   124  24l01.o(i.nrfInit)
    nrf_check                                0x08008965   Thumb Code    60  24l01.o(i.nrf_check)
    nrf_checkEventandRxPacket                0x080089a5   Thumb Code    72  24l01.o(i.nrf_checkEventandRxPacket)
    nrf_rxPacket                             0x08008a05   Thumb Code    60  24l01.o(i.nrf_rxPacket)
    nrf_sendPacketNoACK                      0x08008a45   Thumb Code    28  24l01.o(i.nrf_sendPacketNoACK)
    nrf_setAddress                           0x08008a61   Thumb Code    24  24l01.o(i.nrf_setAddress)
    nrf_setArc                               0x08008a79   Thumb Code    30  24l01.o(i.nrf_setArc)
    nrf_setArd                               0x08008a97   Thumb Code    40  24l01.o(i.nrf_setArd)
    nrf_setChannel                           0x08008abf   Thumb Code    14  24l01.o(i.nrf_setChannel)
    nrf_setDataRate                          0x08008acd   Thumb Code    46  24l01.o(i.nrf_setDataRate)
    nrf_setIterruptCallback                  0x08008afd   Thumb Code     6  24l01.o(i.nrf_setIterruptCallback)
    nrf_setPower                             0x08008b09   Thumb Code    56  24l01.o(i.nrf_setPower)
    nrf_txPacket                             0x08008b41   Thumb Code    30  24l01.o(i.nrf_txPacket)
    nrf_txPacketNoACK                        0x08008b65   Thumb Code    30  24l01.o(i.nrf_txPacketNoACK)
    oledInit                                 0x08008b89   Thumb Code   378  oled.o(i.oledInit)
    oled_clear                               0x08008d11   Thumb Code    38  oled.o(i.oled_clear)
    oled_drawPoint                           0x08008d3d   Thumb Code    54  oled.o(i.oled_drawPoint)
    oled_fill                                0x08008d79   Thumb Code    52  oled.o(i.oled_fill)
    oled_readPoint                           0x08008dad   Thumb Code    34  oled.o(i.oled_readPoint)
    oled_refreshGram                         0x08008dd5   Thumb Code    66  oled.o(i.oled_refreshGram)
    oled_showChar                            0x08008e1d   Thumb Code   186  oled.o(i.oled_showChar)
    oled_showNum                             0x08008ee5   Thumb Code   112  oled.o(i.oled_showNum)
    oled_showPicture                         0x08008f55   Thumb Code   180  oled.o(i.oled_showPicture)
    oled_showString                          0x08009009   Thumb Code    86  oled.o(i.oled_showString)
    oled_wr_byte                             0x08009061   Thumb Code    22  oled.o(i.oled_wr_byte)
    pvPortMalloc                             0x080099d9   Thumb Code   212  heap_4.o(i.pvPortMalloc)
    pvTaskIncrementMutexHeldCount            0x08009b11   Thumb Code    18  tasks.o(i.pvTaskIncrementMutexHeldCount)
    pxPortInitialiseStack                    0x08009b29   Thumb Code    32  port.o(i.pxPortInitialiseStack)
    radioinkConnectStatus                    0x08009bbd   Thumb Code     6  radiolink.o(i.radioinkConnectStatus)
    radioinkFailRxcount                      0x08009bc9   Thumb Code     6  radiolink.o(i.radioinkFailRxcount)
    radiolinkDataProcessTask                 0x08009bd5   Thumb Code    28  atkp.o(i.radiolinkDataProcessTask)
    radiolinkEnable                          0x08009bf1   Thumb Code    18  radiolink.o(i.radiolinkEnable)
    radiolinkInit                            0x08009c09   Thumb Code    96  radiolink.o(i.radiolinkInit)
    radiolinkReceivePacketBlocking           0x08009ca1   Thumb Code    38  radiolink.o(i.radiolinkReceivePacketBlocking)
    radiolinkSendPacket                      0x08009cf1   Thumb Code    54  radiolink.o(i.radiolinkSendPacket)
    radiolinkSendPacketBlocking              0x08009d75   Thumb Code    54  radiolink.o(i.radiolinkSendPacketBlocking)
    radiolinkTask                            0x08009df9   Thumb Code   184  radiolink.o(i.radiolinkTask)
    reset_ui                                 0x08009f35   Thumb Code   124  reset_ui.o(i.reset_ui)
    runBeepAcktion                           0x08009fbd   Thumb Code    46  beep.o(i.runBeepAcktion)
    sendRmotorCmd                            0x0800a061   Thumb Code    52  remoter_ctrl.o(i.sendRmotorCmd)
    sendRmotorData                           0x0800a095   Thumb Code    56  remoter_ctrl.o(i.sendRmotorData)
    setMatchRadioConfig                      0x0800a2fd   Thumb Code    16  match_ui.o(i.setMatchRadioConfig)
    setRCLock                                0x0800a315   Thumb Code     6  main_ui.o(i.setRCLock)
    setShow_ui                               0x0800a321   Thumb Code     8  display.o(i.setShow_ui)
    setTrimFlag                              0x0800a32d   Thumb Code     6  main_ui.o(i.setTrimFlag)
    show_str                                 0x0800a455   Thumb Code   172  text.o(i.show_str)
    show_str_mid                             0x0800a501   Thumb Code    74  text.o(i.show_str_mid)
    stopBeepAcktion                          0x0800a68d   Thumb Code    62  beep.o(i.stopBeepAcktion)
    trim_ui                                  0x0800a6d1   Thumb Code   350  trim_ui.o(i.trim_ui)
    usbGetDataWithTimout                     0x0800a8b9   Thumb Code    30  hw_config.o(i.usbGetDataWithTimout)
    usb_vcp_init                             0x0800a8dd   Thumb Code    48  hw_config.o(i.usb_vcp_init)
    usblinkDataProcessTask                   0x0800a911   Thumb Code    16  atkp.o(i.usblinkDataProcessTask)
    usblinkInit                              0x0800a921   Thumb Code    64  usblink.o(i.usblinkInit)
    usblinkReceivePacketBlocking             0x0800a995   Thumb Code    38  usblink.o(i.usblinkReceivePacketBlocking)
    usblinkRxTask                            0x0800a9e5   Thumb Code   480  usblink.o(i.usblinkRxTask)
    usblinkSendPacket                        0x0800abd5   Thumb Code    54  usblink.o(i.usblinkSendPacket)
    usblinkTxTask                            0x0800ac59   Thumb Code   150  usblink.o(i.usblinkTxTask)
    usbsendData                              0x0800acf9   Thumb Code    26  hw_config.o(i.usbsendData)
    uxListRemove                             0x0800ad13   Thumb Code    36  list.o(i.uxListRemove)
    vApplicationStackOverflowHook            0x0800ad37   Thumb Code    16  freertosdebug.o(i.vApplicationStackOverflowHook)
    vListInitialise                          0x0800ad47   Thumb Code    22  list.o(i.vListInitialise)
    vListInitialiseItem                      0x0800ad5d   Thumb Code     6  list.o(i.vListInitialiseItem)
    vListInsert                              0x0800ad63   Thumb Code    48  list.o(i.vListInsert)
    vListInsertEnd                           0x0800ad93   Thumb Code    24  list.o(i.vListInsertEnd)
    vPortEnterCritical                       0x0800adad   Thumb Code    50  port.o(i.vPortEnterCritical)
    vPortExitCritical                        0x0800ae4d   Thumb Code    34  port.o(i.vPortExitCritical)
    vPortFree                                0x0800aeb5   Thumb Code    94  heap_4.o(i.vPortFree)
    vPortSetupTimerInterrupt                 0x0800af95   Thumb Code    58  port.o(i.vPortSetupTimerInterrupt)
    vPortSuppressTicksAndSleep               0x0800afd9   Thumb Code   208  port.o(i.vPortSuppressTicksAndSleep)
    vPortValidateInterruptPriority           0x0800b0ad   Thumb Code    70  port.o(i.vPortValidateInterruptPriority)
    vQueueAddToRegistry                      0x0800b159   Thumb Code    32  queue.o(i.vQueueAddToRegistry)
    vQueueWaitForMessageRestricted           0x0800b17d   Thumb Code    68  queue.o(i.vQueueWaitForMessageRestricted)
    vTaskDelay                               0x0800b1c1   Thumb Code    62  tasks.o(i.vTaskDelay)
    vTaskDelete                              0x0800b239   Thumb Code   154  tasks.o(i.vTaskDelete)
    vTaskMissedYield                         0x0800b311   Thumb Code     8  tasks.o(i.vTaskMissedYield)
    vTaskPlaceOnEventList                    0x0800b31d   Thumb Code    44  tasks.o(i.vTaskPlaceOnEventList)
    vTaskPlaceOnEventListRestricted          0x0800b36d   Thumb Code    52  tasks.o(i.vTaskPlaceOnEventListRestricted)
    vTaskPriorityInherit                     0x0800b3c5   Thumb Code   124  tasks.o(i.vTaskPriorityInherit)
    vTaskResume                              0x0800b449   Thumb Code   112  tasks.o(i.vTaskResume)
    vTaskSetTimeOutState                     0x0800b4e9   Thumb Code    30  tasks.o(i.vTaskSetTimeOutState)
    vTaskStartScheduler                      0x0800b52d   Thumb Code    96  tasks.o(i.vTaskStartScheduler)
    vTaskStepTick                            0x0800b5e5   Thumb Code    36  tasks.o(i.vTaskStepTick)
    vTaskSuspend                             0x0800b659   Thumb Code   158  tasks.o(i.vTaskSuspend)
    vTaskSuspendAll                          0x0800b735   Thumb Code    10  tasks.o(i.vTaskSuspendAll)
    vTaskSwitchContext                       0x0800b745   Thumb Code   102  tasks.o(i.vTaskSwitchContext)
    vl53lxxMenuInit                          0x0800b7cd   Thumb Code    78  menul3_item.o(i.vl53lxxMenuInit)
    writeConfigParamToFlash                  0x0800b885   Thumb Code    26  config_param.o(i.writeConfigParamToFlash)
    xPortStartScheduler                      0x0800b8e5   Thumb Code   108  port.o(i.xPortStartScheduler)
    xPortSysTickHandler                      0x0800b95d   Thumb Code    38  port.o(i.xPortSysTickHandler)
    xQueueGenericCreate                      0x0800b989   Thumb Code    72  queue.o(i.xQueueGenericCreate)
    xQueueGenericReceive                     0x0800ba09   Thumb Code   348  queue.o(i.xQueueGenericReceive)
    xQueueGenericReset                       0x0800bb8d   Thumb Code   128  queue.o(i.xQueueGenericReset)
    xQueueGenericSend                        0x0800bc2d   Thumb Code   350  queue.o(i.xQueueGenericSend)
    xQueueGenericSendFromISR                 0x0800bdb9   Thumb Code   188  queue.o(i.xQueueGenericSendFromISR)
    xQueueGiveFromISR                        0x0800be99   Thumb Code   162  queue.o(i.xQueueGiveFromISR)
    xTaskCheckForTimeOut                     0x0800bf79   Thumb Code    94  tasks.o(i.xTaskCheckForTimeOut)
    xTaskCreate                              0x0800c00d   Thumb Code    86  tasks.o(i.xTaskCreate)
    xTaskGetSchedulerState                   0x0800c065   Thumb Code    22  tasks.o(i.xTaskGetSchedulerState)
    xTaskGetTickCount                        0x0800c081   Thumb Code     6  tasks.o(i.xTaskGetTickCount)
    xTaskIncrementTick                       0x0800c08d   Thumb Code   188  tasks.o(i.xTaskIncrementTick)
    xTaskPriorityDisinherit                  0x0800c191   Thumb Code   136  tasks.o(i.xTaskPriorityDisinherit)
    xTaskRemoveFromEventList                 0x0800c265   Thumb Code   110  tasks.o(i.xTaskRemoveFromEventList)
    xTaskResumeAll                           0x0800c301   Thumb Code   180  tasks.o(i.xTaskResumeAll)
    xTimerCreate                             0x0800c3ed   Thumb Code    74  timers.o(i.xTimerCreate)
    xTimerCreateTimerTask                    0x0800c46d   Thumb Code    56  timers.o(i.xTimerCreateTimerTask)
    xTimerGenericCommand                     0x0800c4d5   Thumb Code    98  timers.o(i.xTimerGenericCommand)
    finger_img                               0x0800c6ab   Data          32  menul1_item.o(.constdata)
    radio_selected_img                       0x0800c6cb   Data          32  menul2_item.o(.constdata)
    radio_unselected_img                     0x0800c6eb   Data          32  menul2_item.o(.constdata)
    asc2_0608                                0x0800c70b   Data         570  font.o(.constdata)
    asc2_0612                                0x0800c945   Data        1140  font.o(.constdata)
    asc2_1224                                0x0800cdb9   Data        3420  font.o(.constdata)
    font_1212                                0x0800db15   Data        3840  font.o(.constdata)
    font_2424                                0x0800ea15   Data         432  font.o(.constdata)
    bmp_logo                                 0x0800ebc5   Data         240  font.o(.constdata)
    bmp_rssi                                 0x0800ecb5   Data         432  font.o(.constdata)
    bmp_battery                              0x0800ee65   Data         260  font.o(.constdata)
    bmp_lock                                 0x0800ef69   Data         240  font.o(.constdata)
    bmp_flightMode                           0x0800f059   Data         240  font.o(.constdata)
    bmp_remoter2fly                          0x0800f149   Data          96  font.o(.constdata)
    scroll_btn_up                            0x0800f1a9   Data           8  scrollbar.o(.constdata)
    scroll_btn_down                          0x0800f1b1   Data           8  scrollbar.o(.constdata)
    Virtual_Com_Port_DeviceDescriptor        0x0800f1b9   Data          18  usb_desc.o(.constdata)
    Virtual_Com_Port_ConfigDescriptor        0x0800f1cb   Data          67  usb_desc.o(.constdata)
    Virtual_Com_Port_StringLangID            0x0800f20e   Data           4  usb_desc.o(.constdata)
    Virtual_Com_Port_StringVendor            0x0800f212   Data          38  usb_desc.o(.constdata)
    Virtual_Com_Port_StringProduct           0x0800f238   Data          50  usb_desc.o(.constdata)
    Region$$Table$$Base                      0x0800fee4   Number         0  anon$$obj.o(Region$$Table)
    Region$$Table$$Limit                     0x0800ff04   Number         0  anon$$obj.o(Region$$Table)
    SystemCoreClock                          0x20000004   Data           4  system_stm32f10x.o(.data)
    AHBPrescTable                            0x20000008   Data          16  system_stm32f10x.o(.data)
    rssi                                     0x20000058   Data           1  atkp.o(.data)
    plane_yaw                                0x2000005c   Data           4  atkp.o(.data)
    plane_roll                               0x20000060   Data           4  atkp.o(.data)
    plane_pitch                              0x20000064   Data           4  atkp.o(.data)
    plane_bat                                0x20000068   Data           4  atkp.o(.data)
    currentRun                               0x2000006e   Data           1  beep.o(.data)
    beepAction                               0x20000074   Data          16  beep.o(.data)
    radiolinkTaskHandle                      0x200000a0   Data           4  radiolink.o(.data)
    stepLanguage1                            0x200000d8   Data          12  joystickcalib_ui.o(.data)
    stepLanguage2                            0x200000e4   Data          12  joystickcalib_ui.o(.data)
    stepLanguage3                            0x200000f0   Data          12  joystickcalib_ui.o(.data)
    stepLanguage4                            0x200000fc   Data          12  joystickcalib_ui.o(.data)
    remoterLanguage                          0x20000128   Data          12  match_ui.o(.data)
    miniFlyLanguage                          0x20000134   Data          12  match_ui.o(.data)
    noteMsgLanguage                          0x20000140   Data          48  match_ui.o(.data)
    resultLanguage                           0x20000170   Data          24  match_ui.o(.data)
    CurMenu                                  0x2000018c   Data           4  menu_ui.o(.data)
    defaultTitle                             0x20000190   Data           4  menu_ui.o(.data)
    CurItem                                  0x20000198   Data           4  menu_ui.o(.data)
    MenuWindow                               0x200001a4   Data          28  menu_ui.o(.data)
    MenuScrollbar                            0x200001c0   Data          32  menu_ui.o(.data)
    mainMenuLanguage                         0x200001e0   Data         120  menul1_item.o(.data)
    controlmodeLanguage                      0x20000258   Data          36  menul2_item.o(.data)
    flymodeLanguage                          0x2000027c   Data          24  menul2_item.o(.data)
    flySpeedLanguage                         0x20000294   Data          36  menul2_item.o(.data)
    flipEnableLanguage                       0x200002b8   Data          24  menul2_item.o(.data)
    languageChoiceLanguage                   0x200002d0   Data          36  menul2_item.o(.data)
    expModuleLanguage                        0x200002f4   Data          48  menul2_item.o(.data)
    ledringLanguage                          0x20000324   Data         120  menul3_item.o(.data)
    cameraLanguage                           0x2000039c   Data          24  menul3_item.o(.data)
    opflowLanguage                           0x200003b4   Data          24  menul3_item.o(.data)
    ResetSystemMessageBox                    0x200003d4   Data          32  reset_ui.o(.data)
    resetSystemLanguage                      0x200003f4   Data          48  reset_ui.o(.data)
    nrfAddress                               0x20000430   Data           8  24l01.o(.data)
    disp_color                               0x20000438   Data           1  lcmdrv.o(.data)
    btn_ok_messagebox                        0x2000043c   Data          24  messagebox.o(.data)
    btn_cancel_messagebox                    0x20000454   Data          24  messagebox.o(.data)
    font1212_table                           0x2000046c   Data           4  text.o(.data)
    font2424_table                           0x20000470   Data           4  text.o(.data)
    pxCurrentTCB                             0x20000474   Data           4  tasks.o(.data)
    Virtual_Com_Port_StringSerial            0x200004f8   Data          26  usb_desc.o(.data)
    bIntPackSOF                              0x20000518   Data           1  usb_istr.o(.data)
    wIstr                                    0x2000051a   Data           2  usb_istr.o(.data)
    esof_counter                             0x2000051c   Data           4  usb_istr.o(.data)
    wCNTR                                    0x20000520   Data           4  usb_istr.o(.data)
    pEpInt_IN                                0x20000524   Data          28  usb_istr.o(.data)
    pEpInt_OUT                               0x20000540   Data          28  usb_istr.o(.data)
    Request                                  0x2000055c   Data           1  usb_prop.o(.data)
    linecoding                               0x20000560   Data           8  usb_prop.o(.data)
    Device_Descriptor                        0x20000568   Data           8  usb_prop.o(.data)
    Config_Descriptor                        0x20000570   Data           8  usb_prop.o(.data)
    Device_Property                          0x20000578   Data          48  usb_prop.o(.data)
    String_Descriptor                        0x200005a8   Data          32  usb_prop.o(.data)
    Device_Table                             0x200005c8   Data           2  usb_prop.o(.data)
    User_Standard_Requests                   0x200005cc   Data          36  usb_prop.o(.data)
    bDeviceState                             0x200005f0   Data           4  usb_pwr.o(.data)
    fSuspendEnabled                          0x200005f4   Data           1  usb_pwr.o(.data)
    ResumeS                                  0x200005f8   Data           2  usb_pwr.o(.data)
    remotewakeupon                           0x200005fc   Data           4  usb_pwr.o(.data)
    Data_Mul_MaxPacketSize                   0x20000600   Data           1  usb_core.o(.data)
    StatusInfo                               0x20000602   Data           2  usb_core.o(.data)
    EPindex                                  0x20000604   Data           1  usb_init.o(.data)
    pInformation                             0x20000608   Data           4  usb_init.o(.data)
    pProperty                                0x2000060c   Data           4  usb_init.o(.data)
    pUser_Standard_Requests                  0x20000610   Data           4  usb_init.o(.data)
    wInterrupt_Mask                          0x20000614   Data           2  usb_init.o(.data)
    SaveRState                               0x20000616   Data           2  usb_int.o(.data)
    SaveTState                               0x20000618   Data           2  usb_int.o(.data)
    configParam                              0x2000061c   Data          56  config_param.o(.bss)
    mainMenu                                 0x200006c0   Data         280  menul1_item.o(.bss)
    controlmodeMenu                          0x200007d8   Data          84  menul2_item.o(.bss)
    flymodeMenu                              0x2000082c   Data          56  menul2_item.o(.bss)
    flyspeedMenu                             0x20000864   Data          84  menul2_item.o(.bss)
    flipEnableMenu                           0x200008b8   Data          56  menul2_item.o(.bss)
    languageMenu                             0x200008f0   Data          84  menul2_item.o(.bss)
    expModuleMenu                            0x20000944   Data         112  menul2_item.o(.bss)
    ledringMenu                              0x200009b4   Data         280  menul3_item.o(.bss)
    cameraMenu                               0x20000acc   Data          56  menul3_item.o(.bss)
    opflowMenu                               0x20000b04   Data          56  menul3_item.o(.bss)
    adc_value                                0x20000b3c   Data         100  adc.o(.bss)
    STMFLASH_BUF                             0x20000fa0   Data        1024  stmflash.o(.bss)
    xQueueRegistry                           0x200013a0   Data          64  queue.o(.bss)
    uu_txfifo                                0x20003d0c   Data         260  hw_config.o(.bss)
    uu_rxfifo                                0x20003e10   Data         260  hw_config.o(.bss)
    USART_PRINTF_Buffer                      0x20003f14   Data         256  hw_config.o(.bss)
    USB_Rx_Buffer                            0x20004014   Data          64  usb_endp.o(.bss)
    EP                                       0x20004054   Data          32  usb_pwr.o(.bss)
    Device_Info                              0x20004074   Data          28  usb_init.o(.bss)
    __initial_sp                             0x20004490   Data           0  startup_stm32f10x_md.o(STACK)



==============================================================================

Memory Map of the image

  Image Entry point : 0x080024ed

  Load Region LR_IROM1 (Base: 0x08002400, Size: 0x0000e120, Max: 0x0001dc00, ABSOLUTE, COMPRESSED[0x0000ddd4])

    Execution Region ER_IROM1 (Base: 0x08002400, Size: 0x0000db04, Max: 0x0001dc00, ABSOLUTE)

    Base Addr    Size         Type   Attr      Idx    E Section Name        Object

    0x08002400   0x000000ec   Data   RO         5049    RESET               startup_stm32f10x_md.o
    0x080024ec   0x00000000   Code   RO         5054  * .ARM.Collect$$$$00000000  mc_w.l(entry.o)
    0x080024ec   0x00000004   Code   RO         5362    .ARM.Collect$$$$00000001  mc_w.l(entry2.o)
    0x080024f0   0x00000004   Code   RO         5365    .ARM.Collect$$$$00000004  mc_w.l(entry5.o)
    0x080024f4   0x00000000   Code   RO         5367    .ARM.Collect$$$$00000008  mc_w.l(entry7b.o)
    0x080024f4   0x00000000   Code   RO         5369    .ARM.Collect$$$$0000000A  mc_w.l(entry8b.o)
    0x080024f4   0x00000008   Code   RO         5370    .ARM.Collect$$$$0000000B  mc_w.l(entry9a.o)
    0x080024fc   0x00000000   Code   RO         5372    .ARM.Collect$$$$0000000D  mc_w.l(entry10a.o)
    0x080024fc   0x00000000   Code   RO         5374    .ARM.Collect$$$$0000000F  mc_w.l(entry11a.o)
    0x080024fc   0x00000004   Code   RO         5363    .ARM.Collect$$$$00002712  mc_w.l(entry2.o)
    0x08002500   0x00000096   Code   RO         2786    .emb_text           port.o
    0x08002596   0x00000002   PAD
    0x08002598   0x00000024   Code   RO         5050    .text               startup_stm32f10x_md.o
    0x080025bc   0x00000024   Code   RO         5057    .text               mc_w.l(memcpya.o)
    0x080025e0   0x00000024   Code   RO         5059    .text               mc_w.l(memseta.o)
    0x08002604   0x0000000e   Code   RO         5061    .text               mc_w.l(strlen.o)
    0x08002612   0x000000b0   Code   RO         5326    .text               mf_w.l(fadd.o)
    0x080026c2   0x00000064   Code   RO         5328    .text               mf_w.l(fmul.o)
    0x08002726   0x0000007c   Code   RO         5330    .text               mf_w.l(fdiv.o)
    0x080027a2   0x0000014e   Code   RO         5332    .text               mf_w.l(dadd.o)
    0x080028f0   0x000000e4   Code   RO         5334    .text               mf_w.l(dmul.o)
    0x080029d4   0x000000de   Code   RO         5336    .text               mf_w.l(ddiv.o)
    0x08002ab2   0x0000002e   Code   RO         5338    .text               mf_w.l(dscalb.o)
    0x08002ae0   0x00000012   Code   RO         5340    .text               mf_w.l(fflti.o)
    0x08002af2   0x00000022   Code   RO         5342    .text               mf_w.l(dflti.o)
    0x08002b14   0x0000001a   Code   RO         5344    .text               mf_w.l(dfltui.o)
    0x08002b2e   0x00000032   Code   RO         5346    .text               mf_w.l(ffixi.o)
    0x08002b60   0x00000028   Code   RO         5348    .text               mf_w.l(ffixui.o)
    0x08002b88   0x00000026   Code   RO         5350    .text               mf_w.l(f2d.o)
    0x08002bae   0x00000002   PAD
    0x08002bb0   0x00000030   Code   RO         5352    .text               mf_w.l(cdcmple.o)
    0x08002be0   0x00000030   Code   RO         5354    .text               mf_w.l(cdrcmple.o)
    0x08002c10   0x00000038   Code   RO         5356    .text               mf_w.l(d2f.o)
    0x08002c48   0x00000014   Code   RO         5358    .text               mf_w.l(cfcmple.o)
    0x08002c5c   0x00000014   Code   RO         5360    .text               mf_w.l(cfrcmple.o)
    0x08002c70   0x0000002c   Code   RO         5379    .text               mc_w.l(uidiv.o)
    0x08002c9c   0x00000062   Code   RO         5381    .text               mc_w.l(uldiv.o)
    0x08002cfe   0x0000001e   Code   RO         5383    .text               mc_w.l(llshl.o)
    0x08002d1c   0x00000024   Code   RO         5385    .text               mc_w.l(llsshr.o)
    0x08002d40   0x00000000   Code   RO         5387    .text               mc_w.l(iusefp.o)
    0x08002d40   0x0000006e   Code   RO         5388    .text               mf_w.l(fepilogue.o)
    0x08002dae   0x000000ba   Code   RO         5390    .text               mf_w.l(depilogue.o)
    0x08002e68   0x00000030   Code   RO         5392    .text               mf_w.l(dfixul.o)
    0x08002e98   0x00000024   Code   RO         5394    .text               mc_w.l(init.o)
    0x08002ebc   0x00000020   Code   RO         5397    .text               mc_w.l(llushr.o)
    0x08002edc   0x00000056   Code   RO         5408    .text               mc_w.l(__dczerorl2.o)
    0x08002f32   0x00000014   Code   RO         4389    i.ADC_Cmd           stm32f10x_adc.o
    0x08002f46   0x00000014   Code   RO         4390    i.ADC_DMACmd        stm32f10x_adc.o
    0x08002f5a   0x00000002   PAD
    0x08002f5c   0x00000044   Code   RO         4391    i.ADC_DeInit        stm32f10x_adc.o
    0x08002fa0   0x0000000e   Code   RO         4397    i.ADC_GetCalibrationStatus  stm32f10x_adc.o
    0x08002fae   0x0000000e   Code   RO         4403    i.ADC_GetResetCalibrationStatus  stm32f10x_adc.o
    0x08002fbc   0x00000048   Code   RO         4407    i.ADC_Init          stm32f10x_adc.o
    0x08003004   0x00000074   Code   RO         4411    i.ADC_RegularChannelConfig  stm32f10x_adc.o
    0x08003078   0x0000000a   Code   RO         4412    i.ADC_ResetCalibration  stm32f10x_adc.o
    0x08003082   0x00000014   Code   RO         4414    i.ADC_SoftwareStartConvCmd  stm32f10x_adc.o
    0x08003096   0x0000000a   Code   RO         4416    i.ADC_StartCalibration  stm32f10x_adc.o
    0x080030a0   0x00000104   Code   RO          518    i.ADCtoFlyDataPercent  joystick.o
    0x080031a4   0x0000013c   Code   RO         1578    i.Adc_Init          adc.o
    0x080032e0   0x00000002   Code   RO          215    i.BusFault_Handler  stm32f10x_it.o
    0x080032e2   0x0000000a   Code   RO         3469    i.ByteSwap          usb_regs.o
    0x080032ec   0x00000158   Code   RO         3422    i.CTR_LP            usb_int.o
    0x08003444   0x00000028   Code   RO         3470    i.ClearDTOG_RX      usb_regs.o
    0x0800346c   0x00000028   Code   RO         3471    i.ClearDTOG_TX      usb_regs.o
    0x08003494   0x00000020   Code   RO         3476    i.Clear_Status_Out  usb_regs.o
    0x080034b4   0x00000016   Code   RO         4805    i.DMA_Cmd           stm32f10x_dma.o
    0x080034ca   0x00000002   PAD
    0x080034cc   0x000000e4   Code   RO         4806    i.DMA_DeInit        stm32f10x_dma.o
    0x080035b0   0x0000003a   Code   RO         4811    i.DMA_Init          stm32f10x_dma.o
    0x080035ea   0x00000002   PAD
    0x080035ec   0x000000b4   Code   RO         3276    i.DataStageIn       usb_core.o
    0x080036a0   0x000000a4   Code   RO         3277    i.DataStageOut      usb_core.o
    0x08003744   0x0000019c   Code   RO         3278    i.Data_Setup0       usb_core.o
    0x080038e0   0x00000002   Code   RO          216    i.DebugMon_Handler  stm32f10x_it.o
    0x080038e2   0x00000002   PAD
    0x080038e4   0x000000a8   Code   RO         1006    i.DisplayMenuInit   menu_ui.o
    0x0800398c   0x00000078   Code   RO         3080    i.EP1_IN_Callback   usb_endp.o
    0x08003a04   0x00000020   Code   RO         3081    i.EP3_OUT_Callback  usb_endp.o
    0x08003a24   0x00000028   Code   RO         1430    i.EXTI15_10_IRQHandler  24l01.o
    0x08003a4c   0x0000000c   Code   RO         4750    i.EXTI_ClearITPendingBit  stm32f10x_exti.o
    0x08003a58   0x00000020   Code   RO         4754    i.EXTI_GetITStatus  stm32f10x_exti.o
    0x08003a78   0x00000070   Code   RO         4755    i.EXTI_Init         stm32f10x_exti.o
    0x08003ae8   0x0000000c   Code   RO         2920    i.Enter_LowPowerMode  hw_config.o
    0x08003af4   0x0000003c   Code   RO         4880    i.FLASH_ErasePage   stm32f10x_flash.o
    0x08003b30   0x00000028   Code   RO         4881    i.FLASH_GetBank1Status  stm32f10x_flash.o
    0x08003b58   0x00000010   Code   RO         4890    i.FLASH_Lock        stm32f10x_flash.o
    0x08003b68   0x00000034   Code   RO         4893    i.FLASH_ProgramHalfWord  stm32f10x_flash.o
    0x08003b9c   0x00000018   Code   RO         4898    i.FLASH_Unlock      stm32f10x_flash.o
    0x08003bb4   0x00000022   Code   RO         4902    i.FLASH_WaitForLastOperation  stm32f10x_flash.o
    0x08003bd6   0x00000002   PAD
    0x08003bd8   0x00000028   Code   RO         3892    i.GPIO_EXTILineConfig  stm32f10x_gpio.o
    0x08003c00   0x0000009c   Code   RO         3895    i.GPIO_Init         stm32f10x_gpio.o
    0x08003c9c   0x00000058   Code   RO         3897    i.GPIO_PinRemapConfig  stm32f10x_gpio.o
    0x08003cf4   0x0000000e   Code   RO         3899    i.GPIO_ReadInputDataBit  stm32f10x_gpio.o
    0x08003d02   0x00000004   Code   RO         3902    i.GPIO_ResetBits    stm32f10x_gpio.o
    0x08003d06   0x00000004   Code   RO         3903    i.GPIO_SetBits      stm32f10x_gpio.o
    0x08003d0a   0x000001fa   Code   RO         1822    i.GUI_Arc4          gui_basic.o
    0x08003f04   0x0000013c   Code   RO         1761    i.GUI_Button_Selected  button.o
    0x08004040   0x000001c2   Code   RO         1823    i.GUI_Circle        gui_basic.o
    0x08004202   0x00000004   Code   RO         1917    i.GUI_ClearSCR      lcmdrv.o
    0x08004206   0x0000001a   Code   RO         1825    i.GUI_CmpPointColor  gui_basic.o
    0x08004220   0x0000012e   Code   RO         1762    i.GUI_DrawButton    button.o
    0x0800434e   0x000002d2   Code   RO         1826    i.GUI_FloodFill     gui_basic.o
    0x08004620   0x0000002c   Code   RO         1919    i.GUI_HLine         lcmdrv.o
    0x0800464c   0x000000c8   Code   RO         1827    i.GUI_Line          gui_basic.o
    0x08004714   0x0000006c   Code   RO         1905    i.GUI_MenuItemDraw  gui_menu.o
    0x08004780   0x00000028   Code   RO         1979    i.GUI_MessageBoxButtonStatus  messagebox.o
    0x080047a8   0x00000114   Code   RO         1981    i.GUI_MessageBoxDraw  messagebox.o
    0x080048bc   0x0000000c   Code   RO         1982    i.GUI_MessageBoxResult  messagebox.o
    0x080048c8   0x00000006   Code   RO         1921    i.GUI_Point         lcmdrv.o
    0x080048ce   0x0000002a   Code   RO         1922    i.GUI_RLine         lcmdrv.o
    0x080048f8   0x0000004a   Code   RO         1829    i.GUI_ReadLeftPoint  gui_basic.o
    0x08004942   0x00000010   Code   RO         1923    i.GUI_ReadPoint     lcmdrv.o
    0x08004952   0x00000030   Code   RO         1830    i.GUI_ReadRightPoint  gui_basic.o
    0x08004982   0x00000044   Code   RO         1831    i.GUI_Rectangle     gui_basic.o
    0x080049c6   0x0000005e   Code   RO         1832    i.GUI_RectangleFill  gui_basic.o
    0x08004a24   0x00000004   Code   RO         1924    i.GUI_Refresh       lcmdrv.o
    0x08004a28   0x000000b8   Code   RO         2020    i.GUI_ScrollbarDraw  scrollbar.o
    0x08004ae0   0x0000006c   Code   RO         2021    i.GUI_Scrollbar_SetPos  scrollbar.o
    0x08004b4c   0x000000ac   Code   RO         2082    i.GUI_WindowsDraw   windows.o
    0x08004bf8   0x00000020   Code   RO         3488    i.GetEPRxAddr       usb_regs.o
    0x08004c18   0x00000020   Code   RO         3489    i.GetEPRxCount      usb_regs.o
    0x08004c38   0x0000001c   Code   RO         3491    i.GetEPTxAddr       usb_regs.o
    0x08004c54   0x00000034   Code   RO         2921    i.Get_SerialNum     hw_config.o
    0x08004c88   0x00000002   Code   RO          217    i.HardFault_Handler  stm32f10x_it.o
    0x08004c8a   0x00000004   Code   RO          360    i.INTX_DISABLE      sys.o
    0x08004c8e   0x00000002   PAD
    0x08004c90   0x0000005c   Code   RO         3279    i.In0_Process       usb_core.o
    0x08004cec   0x00000036   Code   RO         2922    i.IntToUnicode      hw_config.o
    0x08004d22   0x00000002   PAD
    0x08004d24   0x0000001c   Code   RO         2923    i.Leave_LowPowerMode  hw_config.o
    0x08004d40   0x00000002   Code   RO          218    i.MemManage_Handler  stm32f10x_it.o
    0x08004d42   0x00000002   PAD
    0x08004d44   0x000001e0   Code   RO         1007    i.Menu_Run          menu_ui.o
    0x08004f24   0x00000002   Code   RO          219    i.NMI_Handler       stm32f10x_it.o
    0x08004f26   0x00000002   Code   RO         3280    i.NOP_Process       usb_core.o
    0x08004f28   0x000000f0   Code   RO         1431    i.NRF_Init          24l01.o
    0x08005018   0x00000064   Code   RO         3853    i.NVIC_Init         misc.o
    0x0800507c   0x00000014   Code   RO         3854    i.NVIC_PriorityGroupConfig  misc.o
    0x08005090   0x00000014   Code   RO         3855    i.NVIC_SetVectorTable  misc.o
    0x080050a4   0x000000d4   Code   RO         3281    i.NoData_Setup0     usb_core.o
    0x08005178   0x00000048   Code   RO         3282    i.Out0_Process      usb_core.o
    0x080051c0   0x00000020   Code   RO         3451    i.PMAToUserBufferCopy  usb_mem.o
    0x080051e0   0x00000044   Code   RO         3283    i.Post0_Process     usb_core.o
    0x08005224   0x0000002c   Code   RO         3232    i.PowerOn           usb_pwr.o
    0x08005250   0x00000014   Code   RO         4003    i.RCC_ADCCLKConfig  stm32f10x_rcc.o
    0x08005264   0x00000018   Code   RO         4004    i.RCC_AHBPeriphClockCmd  stm32f10x_rcc.o
    0x0800527c   0x00000018   Code   RO         4005    i.RCC_APB1PeriphClockCmd  stm32f10x_rcc.o
    0x08005294   0x00000018   Code   RO         4007    i.RCC_APB2PeriphClockCmd  stm32f10x_rcc.o
    0x080052ac   0x00000018   Code   RO         4008    i.RCC_APB2PeriphResetCmd  stm32f10x_rcc.o
    0x080052c4   0x0000000c   Code   RO         4033    i.RCC_USBCLKConfig  stm32f10x_rcc.o
    0x080052d0   0x00000094   Code   RO         3233    i.Resume            usb_pwr.o
    0x08005364   0x00000020   Code   RO         3234    i.Resume_Init       usb_pwr.o
    0x08005384   0x00000028   Code   RO         3082    i.SOF_Callback      usb_endp.o
    0x080053ac   0x00000014   Code   RO         4610    i.SPI_Cmd           stm32f10x_spi.o
    0x080053c0   0x0000000e   Code   RO         4618    i.SPI_I2S_GetFlagStatus  stm32f10x_spi.o
    0x080053ce   0x00000004   Code   RO         4621    i.SPI_I2S_ReceiveData  stm32f10x_spi.o
    0x080053d2   0x00000004   Code   RO         4622    i.SPI_I2S_SendData  stm32f10x_spi.o
    0x080053d6   0x00000038   Code   RO         4623    i.SPI_Init          stm32f10x_spi.o
    0x0800540e   0x0000002a   Code   RO         1432    i.SPI_RWByte        24l01.o
    0x08005438   0x00000020   Code   RO         1628    i.SPI_WByte         oled.o
    0x08005458   0x00000018   Code   RO         1723    i.STMFLASH_Read     stmflash.o
    0x08005470   0x000000c0   Code   RO         1725    i.STMFLASH_Write    stmflash.o
    0x08005530   0x00000026   Code   RO         1726    i.STMFLASH_Write_NoCheck  stmflash.o
    0x08005556   0x00000002   PAD
    0x08005558   0x00000010   Code   RO         3499    i.SetBTABLE         usb_regs.o
    0x08005568   0x00000048   Code   RO         3284    i.SetDeviceAddress  usb_core.o
    0x080055b0   0x00000020   Code   RO         3513    i.SetEPRxAddr       usb_regs.o
    0x080055d0   0x00000040   Code   RO         3514    i.SetEPRxCount      usb_regs.o
    0x08005610   0x00000030   Code   RO         3515    i.SetEPRxStatus     usb_regs.o
    0x08005640   0x00000024   Code   RO         3516    i.SetEPRxValid      usb_regs.o
    0x08005664   0x00000020   Code   RO         3517    i.SetEPTxAddr       usb_regs.o
    0x08005684   0x0000001c   Code   RO         3518    i.SetEPTxCount      usb_regs.o
    0x080056a0   0x00000030   Code   RO         3519    i.SetEPTxStatus     usb_regs.o
    0x080056d0   0x00000024   Code   RO         3520    i.SetEPTxValid      usb_regs.o
    0x080056f4   0x0000001c   Code   RO         3521    i.SetEPType         usb_regs.o
    0x08005710   0x000000a8   Code   RO          286    i.SetSysClockTo72   system_stm32f10x.o
    0x080057b8   0x00000014   Code   RO         2924    i.Set_USBClock      hw_config.o
    0x080057cc   0x00000068   Code   RO         3285    i.Setup0_Process    usb_core.o
    0x08005834   0x000000fc   Code   RO         3286    i.Standard_ClearFeature  usb_core.o
    0x08005930   0x00000028   Code   RO         3287    i.Standard_GetConfiguration  usb_core.o
    0x08005958   0x0000001c   Code   RO         3288    i.Standard_GetDescriptorData  usb_core.o
    0x08005974   0x00000028   Code   RO         3289    i.Standard_GetInterface  usb_core.o
    0x0800599c   0x00000094   Code   RO         3290    i.Standard_GetStatus  usb_core.o
    0x08005a30   0x00000038   Code   RO         3291    i.Standard_SetConfiguration  usb_core.o
    0x08005a68   0x00000024   Code   RO         3292    i.Standard_SetDeviceFeature  usb_core.o
    0x08005a8c   0x00000088   Code   RO         3293    i.Standard_SetEndPointFeature  usb_core.o
    0x08005b14   0x00000048   Code   RO         3294    i.Standard_SetInterface  usb_core.o
    0x08005b5c   0x00000080   Code   RO         3235    i.Suspend           usb_pwr.o
    0x08005bdc   0x00000018   Code   RO         3857    i.SysTick_CLKSourceConfig  misc.o
    0x08005bf4   0x00000014   Code   RO          315    i.SysTick_Handler   delay.o
    0x08005c08   0x00000050   Code   RO          288    i.SystemInit        system_stm32f10x.o
    0x08005c58   0x00000020   Code   RO         2925    i.USART_Config      hw_config.o
    0x08005c78   0x00000008   Code   RO         2926    i.USBWakeUp_IRQHandler  hw_config.o
    0x08005c80   0x00000002   Code   RO         2927    i.USB_Cable_Config  hw_config.o
    0x08005c82   0x00000002   PAD
    0x08005c84   0x00000028   Code   RO         3395    i.USB_Init          usb_init.o
    0x08005cac   0x0000004e   Code   RO         2928    i.USB_Interrupts_Config  hw_config.o
    0x08005cfa   0x00000002   PAD
    0x08005cfc   0x0000014c   Code   RO         3108    i.USB_Istr          usb_istr.o
    0x08005e48   0x00000004   Code   RO         2929    i.USB_LP_CAN1_RX0_IRQHandler  hw_config.o
    0x08005e4c   0x0000004c   Code   RO         2930    i.USB_Port_Set      hw_config.o
    0x08005e98   0x00000020   Code   RO         3829    i.USB_SIL_Init      usb_sil.o
    0x08005eb8   0x00000024   Code   RO         3830    i.USB_SIL_Read      usb_sil.o
    0x08005edc   0x00000028   Code   RO         2931    i.USB_SendData      hw_config.o
    0x08005f04   0x00000034   Code   RO         2932    i.USB_To_USART_Send_Data  hw_config.o
    0x08005f38   0x00000002   Code   RO          220    i.UsageFault_Handler  stm32f10x_it.o
    0x08005f3a   0x00000002   PAD
    0x08005f3c   0x00000028   Code   RO         3452    i.UserToPMABufferCopy  usb_mem.o
    0x08005f64   0x00000054   Code   RO         3128    i.Virtual_Com_Port_Data_Setup  usb_prop.o
    0x08005fb8   0x0000000c   Code   RO         3129    i.Virtual_Com_Port_GetConfigDescriptor  usb_prop.o
    0x08005fc4   0x0000000c   Code   RO         3130    i.Virtual_Com_Port_GetDeviceDescriptor  usb_prop.o
    0x08005fd0   0x0000001c   Code   RO         3131    i.Virtual_Com_Port_GetLineCoding  usb_prop.o
    0x08005fec   0x00000020   Code   RO         3132    i.Virtual_Com_Port_GetStringDescriptor  usb_prop.o
    0x0800600c   0x0000000e   Code   RO         3133    i.Virtual_Com_Port_Get_Interface_Setting  usb_prop.o
    0x0800601a   0x00000002   PAD
    0x0800601c   0x00000024   Code   RO         3134    i.Virtual_Com_Port_NoData_Setup  usb_prop.o
    0x08006040   0x000000e0   Code   RO         3135    i.Virtual_Com_Port_Reset  usb_prop.o
    0x08006120   0x00000018   Code   RO         3136    i.Virtual_Com_Port_SetConfiguration  usb_prop.o
    0x08006138   0x0000000c   Code   RO         3137    i.Virtual_Com_Port_SetDeviceAddress  usb_prop.o
    0x08006144   0x0000001c   Code   RO         3138    i.Virtual_Com_Port_SetLineCoding  usb_prop.o
    0x08006160   0x00000018   Code   RO         3139    i.Virtual_Com_Port_Status_In  usb_prop.o
    0x08006178   0x00000002   Code   RO         3140    i.Virtual_Com_Port_Status_Out  usb_prop.o
    0x0800617a   0x00000002   PAD
    0x0800617c   0x00000024   Code   RO         3141    i.Virtual_Com_Port_init  usb_prop.o
    0x080061a0   0x00000028   Code   RO         5300    i.__0sprintf        mc_w.l(printfa.o)
    0x080061c8   0x0000000e   Code   RO         5402    i.__scatterload_copy  mc_w.l(handlers.o)
    0x080061d6   0x00000002   Code   RO         5403    i.__scatterload_null  mc_w.l(handlers.o)
    0x080061d8   0x0000000e   Code   RO         5404    i.__scatterload_zeroinit  mc_w.l(handlers.o)
    0x080061e6   0x00000002   PAD
    0x080061e8   0x00000184   Code   RO         5305    i._fp_digits        mc_w.l(printfa.o)
    0x0800636c   0x000006dc   Code   RO         5306    i._printf_core      mc_w.l(printfa.o)
    0x08006a48   0x00000024   Code   RO         5307    i._printf_post_padding  mc_w.l(printfa.o)
    0x08006a6c   0x0000002e   Code   RO         5308    i._printf_pre_padding  mc_w.l(printfa.o)
    0x08006a9a   0x0000000a   Code   RO         5310    i._sputc            mc_w.l(printfa.o)
    0x08006aa4   0x00000002   Code   RO         1385    i.assertFail        debug_assert.o
    0x08006aa6   0x00000002   PAD
    0x08006aa8   0x000000b4   Code   RO          439    i.atkpAnalyze       atkp.o
    0x08006b5c   0x0000006c   Code   RO          483    i.beepInit          beep.o
    0x08006bc8   0x00000020   Code   RO          388    i.calculate_cksum   config_param.o
    0x08006be8   0x00000070   Code   RO         1219    i.cameraMenuInit    menul3_item.o
    0x08006c58   0x0000023c   Code   RO          661    i.commanderTask     remoter_ctrl.o
    0x08006e94   0x00000058   Code   RO          389    i.configParamInit   config_param.o
    0x08006eec   0x00000038   Code   RO          390    i.configParamReset  config_param.o
    0x08006f24   0x00000058   Code   RO          391    i.configParamTask   config_param.o
    0x08006f7c   0x00000090   Code   RO         1103    i.controlmodeMenuInit  menul2_item.o
    0x0800700c   0x00000022   Code   RO          519    i.deadband          joystick.o
    0x0800702e   0x00000002   PAD
    0x08007030   0x00000214   Code   RO          785    i.debug_ui          debug_ui.o
    0x08007244   0x00000048   Code   RO          316    i.delay_init        delay.o
    0x0800728c   0x00000038   Code   RO          317    i.delay_ms          delay.o
    0x080072c4   0x00000034   Code   RO          318    i.delay_us          delay.o
    0x080072f8   0x0000002e   Code   RO          805    i.displayInit       display.o
    0x08007326   0x00000002   PAD
    0x08007328   0x0000004c   Code   RO          806    i.displayTask       display.o
    0x08007374   0x00000030   Code   RO         2360    i.eTaskConfirmSleepModeStatus  tasks.o
    0x080073a4   0x00000024   Code   RO         1008    i.exitMenu          menu_ui.o
    0x080073c8   0x00000078   Code   RO         1104    i.expModuleMenuInit  menul2_item.o
    0x08007440   0x00000034   Code   RO         1054    i.expModuleMenuSet  menul1_item.o
    0x08007474   0x000001bc   Code   RO          891    i.flight            main_ui.o
    0x08007630   0x0000007c   Code   RO         1105    i.flipEnableMenuInit  menul2_item.o
    0x080076ac   0x00000094   Code   RO         1106    i.flySpeedMenuInit  menul2_item.o
    0x08007740   0x0000007c   Code   RO         1107    i.flymodeMenuInit   menul2_item.o
    0x080077bc   0x0000002c   Code   RO         1579    i.getAdcValue       adc.o
    0x080077e8   0x00000016   Code   RO         1763    i.getBtnStringlen   button.o
    0x080077fe   0x00000002   PAD
    0x08007800   0x00000010   Code   RO          662    i.getFlyControlData  remoter_ctrl.o
    0x08007810   0x00000026   Code   RO          520    i.getFlyDataADCValue  joystick.o
    0x08007836   0x00000002   PAD
    0x08007838   0x0000000c   Code   RO          892    i.getIsMFCanFly     main_ui.o
    0x08007844   0x000000b4   Code   RO          521    i.getJoystick1Dir   joystick.o
    0x080078f8   0x000000b4   Code   RO          522    i.getJoystick2Dir   joystick.o
    0x080079ac   0x00000010   Code   RO          564    i.getKeyState       keytask.o
    0x080079bc   0x0000001e   Code   RO         1009    i.getMenuSelectitem  menu_ui.o
    0x080079da   0x00000016   Code   RO         1983    i.getMessageBoxStringlen  messagebox.o
    0x080079f0   0x0000000c   Code   RO          894    i.getRCLock         main_ui.o
    0x080079fc   0x0000000c   Code   RO          895    i.getTrimFlag       main_ui.o
    0x08007a08   0x00000016   Code   RO         2083    i.getWindowStringlen  windows.o
    0x08007a1e   0x00000010   Code   RO         1055    i.gotoJoystickCalibUI  menul1_item.o
    0x08007a2e   0x00000002   PAD
    0x08007a30   0x00000050   Code   RO         1010    i.gotoLastMenu      menu_ui.o
    0x08007a80   0x00000010   Code   RO         1056    i.gotoMatchMiniFlyUI  menul1_item.o
    0x08007a90   0x0000002c   Code   RO         1011    i.gotoNextMenu      menu_ui.o
    0x08007abc   0x00000010   Code   RO         1057    i.gotoResetUI       menul1_item.o
    0x08007acc   0x00000020   Code   RO          974    i.isRadioAddrDefault  match_ui.o
    0x08007aec   0x00000278   Code   RO          872    i.joystickCalib_ui  joystickcalib_ui.o
    0x08007d64   0x00000020   Code   RO          523    i.joystickInit      joystick.o
    0x08007d84   0x00000050   Code   RO         1604    i.keyInit           key.o
    0x08007dd4   0x0000016c   Code   RO          565    i.keyTask           keytask.o
    0x08007f40   0x00000090   Code   RO         1108    i.languageMenuInit  menul2_item.o
    0x08007fd0   0x00000050   Code   RO         1616    i.ledInit           led.o
    0x08008020   0x000000bc   Code   RO         1220    i.ledringMenuInit   menul3_item.o
    0x080080dc   0x00000024   Code   RO          663    i.limit             remoter_ctrl.o
    0x08008100   0x00000070   Code   RO            1    i.main              main.o
    0x08008170   0x000000d4   Code   RO         1058    i.mainMenuInit      menul1_item.o
    0x08008244   0x000002c8   Code   RO          896    i.main_ui           main_ui.o
    0x0800850c   0x000001d0   Code   RO          975    i.match_ui          match_ui.o
    0x080086dc   0x00000060   Code   RO          897    i.miniFlyMsgACKProcess  main_ui.o
    0x0800873c   0x00000040   Code   RO         1321    i.msgboxDispalyInit  reset_ui.o
    0x0800877c   0x000000a0   Code   RO         1349    i.mx_sin            trim_ui.o
    0x0800881c   0x00000064   Code   RO         1350    i.my_cos            trim_ui.o
    0x08008880   0x00000054   Code   RO         1351    i.my_sin            trim_ui.o
    0x080088d4   0x00000010   Code   RO         1629    i.mypow             oled.o
    0x080088e4   0x00000080   Code   RO         1433    i.nrfInit           24l01.o
    0x08008964   0x00000040   Code   RO         1434    i.nrf_check         24l01.o
    0x080089a4   0x00000048   Code   RO         1435    i.nrf_checkEventandRxPacket  24l01.o
    0x080089ec   0x00000018   Code   RO          584    i.nrf_interruptCallback  radiolink.o
    0x08008a04   0x00000040   Code   RO         1438    i.nrf_rxPacket      24l01.o
    0x08008a44   0x0000001c   Code   RO         1439    i.nrf_sendPacketNoACK  24l01.o
    0x08008a60   0x00000018   Code   RO         1441    i.nrf_setAddress    24l01.o
    0x08008a78   0x0000001e   Code   RO         1442    i.nrf_setArc        24l01.o
    0x08008a96   0x00000028   Code   RO         1443    i.nrf_setArd        24l01.o
    0x08008abe   0x0000000e   Code   RO         1444    i.nrf_setChannel    24l01.o
    0x08008acc   0x0000002e   Code   RO         1445    i.nrf_setDataRate   24l01.o
    0x08008afa   0x00000002   PAD
    0x08008afc   0x0000000c   Code   RO         1446    i.nrf_setIterruptCallback  24l01.o
    0x08008b08   0x00000038   Code   RO         1447    i.nrf_setPower      24l01.o
    0x08008b40   0x00000024   Code   RO         1448    i.nrf_txPacket      24l01.o
    0x08008b64   0x00000024   Code   RO         1449    i.nrf_txPacketNoACK  24l01.o
    0x08008b88   0x00000188   Code   RO         1630    i.oledInit          oled.o
    0x08008d10   0x0000002c   Code   RO         1631    i.oled_clear        oled.o
    0x08008d3c   0x0000003c   Code   RO         1634    i.oled_drawPoint    oled.o
    0x08008d78   0x00000034   Code   RO         1635    i.oled_fill         oled.o
    0x08008dac   0x00000028   Code   RO         1636    i.oled_readPoint    oled.o
    0x08008dd4   0x00000048   Code   RO         1637    i.oled_refreshGram  oled.o
    0x08008e1c   0x000000c8   Code   RO         1638    i.oled_showChar     oled.o
    0x08008ee4   0x00000070   Code   RO         1639    i.oled_showNum      oled.o
    0x08008f54   0x000000b4   Code   RO         1640    i.oled_showPicture  oled.o
    0x08009008   0x00000056   Code   RO         1641    i.oled_showString   oled.o
    0x0800905e   0x00000002   PAD
    0x08009060   0x0000001c   Code   RO         1642    i.oled_wr_byte      oled.o
    0x0800907c   0x00000070   Code   RO         2362    i.prvAddCurrentTaskToDelayedList  tasks.o
    0x080090ec   0x000000d0   Code   RO         2363    i.prvAddNewTaskToReadyList  tasks.o
    0x080091bc   0x00000050   Code   RO         2666    i.prvCheckForValidListAndQueue  timers.o
    0x0800920c   0x00000054   Code   RO         2364    i.prvCheckTasksWaitingTermination  tasks.o
    0x08009260   0x00000026   Code   RO         2167    i.prvCopyDataFromQueue  queue.o
    0x08009286   0x0000006c   Code   RO         2168    i.prvCopyDataToQueue  queue.o
    0x080092f2   0x00000014   Code   RO         2365    i.prvDeleteTCB      tasks.o
    0x08009306   0x00000002   PAD
    0x08009308   0x00000034   Code   RO         2366    i.prvGetExpectedIdleTime  tasks.o
    0x0800933c   0x0000004c   Code   RO         2870    i.prvHeapInit       heap_4.o
    0x08009388   0x00000078   Code   RO         2367    i.prvIdleTask       tasks.o
    0x08009400   0x000000a8   Code   RO         2368    i.prvInitialiseNewTask  tasks.o
    0x080094a8   0x0000004c   Code   RO         2871    i.prvInsertBlockIntoFreeList  heap_4.o
    0x080094f4   0x00000038   Code   RO         2667    i.prvInsertTimerInActiveList  timers.o
    0x0800952c   0x0000001a   Code   RO         2169    i.prvIsQueueEmpty   queue.o
    0x08009546   0x00000002   PAD
    0x08009548   0x00000098   Code   RO         2170    i.prvNotifyQueueSetContainer  queue.o
    0x080095e0   0x00000060   Code   RO         2668    i.prvProcessExpiredTimer  timers.o
    0x08009640   0x00000114   Code   RO         2669    i.prvProcessReceivedCommands  timers.o
    0x08009754   0x0000006c   Code   RO         2670    i.prvProcessTimerOrBlockTask  timers.o
    0x080097c0   0x00000020   Code   RO         2369    i.prvResetNextTaskUnblockTime  tasks.o
    0x080097e0   0x00000028   Code   RO         2671    i.prvSampleTimeNow  timers.o
    0x08009808   0x00000074   Code   RO         2672    i.prvSwitchTimerLists  timers.o
    0x0800987c   0x00000070   Code   RO         2787    i.prvTaskExitError  port.o
    0x080098ec   0x0000004c   Code   RO         2370    i.prvTaskIsTaskSuspended  tasks.o
    0x08009938   0x00000028   Code   RO         2673    i.prvTimerTask      timers.o
    0x08009960   0x00000078   Code   RO         2171    i.prvUnlockQueue    queue.o
    0x080099d8   0x00000138   Code   RO         2872    i.pvPortMalloc      heap_4.o
    0x08009b10   0x00000018   Code   RO         2371    i.pvTaskIncrementMutexHeldCount  tasks.o
    0x08009b28   0x00000024   Code   RO         2788    i.pxPortInitialiseStack  port.o
    0x08009b4c   0x00000070   Code   RO          585    i.radioInit         radiolink.o
    0x08009bbc   0x0000000c   Code   RO          586    i.radioinkConnectStatus  radiolink.o
    0x08009bc8   0x0000000c   Code   RO          587    i.radioinkFailRxcount  radiolink.o
    0x08009bd4   0x0000001c   Code   RO          440    i.radiolinkDataProcessTask  atkp.o
    0x08009bf0   0x00000018   Code   RO          588    i.radiolinkEnable   radiolink.o
    0x08009c08   0x00000098   Code   RO          589    i.radiolinkInit     radiolink.o
    0x08009ca0   0x00000050   Code   RO          591    i.radiolinkReceivePacketBlocking  radiolink.o
    0x08009cf0   0x00000084   Code   RO          592    i.radiolinkSendPacket  radiolink.o
    0x08009d74   0x00000084   Code   RO          593    i.radiolinkSendPacketBlocking  radiolink.o
    0x08009df8   0x000000c4   Code   RO          594    i.radiolinkTask     radiolink.o
    0x08009ebc   0x00000048   Code   RO         1451    i.readBuf           24l01.o
    0x08009f04   0x00000030   Code   RO         1452    i.readReg           24l01.o
    0x08009f34   0x00000088   Code   RO         1322    i.reset_ui          reset_ui.o
    0x08009fbc   0x00000038   Code   RO          484    i.runBeepAcktion    beep.o
    0x08009ff4   0x0000006c   Code   RO          485    i.runBeepseq        beep.o
    0x0800a060   0x00000034   Code   RO          664    i.sendRmotorCmd     remoter_ctrl.o
    0x0800a094   0x00000038   Code   RO          665    i.sendRmotorData    remoter_ctrl.o
    0x0800a0cc   0x00000014   Code   RO         1109    i.setCtrlmode3Dhold  menul2_item.o
    0x0800a0e0   0x00000014   Code   RO         1110    i.setCtrlmodeAlthold  menul2_item.o
    0x0800a0f4   0x00000014   Code   RO         1111    i.setCtrlmodeManual  menul2_item.o
    0x0800a108   0x00000014   Code   RO         1112    i.setFlightHighSpeed  menul2_item.o
    0x0800a11c   0x00000014   Code   RO         1113    i.setFlightLowSpeed  menul2_item.o
    0x0800a130   0x00000014   Code   RO         1114    i.setFlightMidSpeed  menul2_item.o
    0x0800a144   0x00000014   Code   RO         1115    i.setFlipDisable    menul2_item.o
    0x0800a158   0x00000014   Code   RO         1116    i.setFlipEnable     menul2_item.o
    0x0800a16c   0x00000014   Code   RO         1117    i.setFlymodeHeadless  menul2_item.o
    0x0800a180   0x00000014   Code   RO         1118    i.setFlymodeXmode   menul2_item.o
    0x0800a194   0x0000003c   Code   RO         1119    i.setLanguageComplexChinese  menul2_item.o
    0x0800a1d0   0x0000003c   Code   RO         1120    i.setLanguageEnglish  menul2_item.o
    0x0800a20c   0x0000003c   Code   RO         1121    i.setLanguageSimpleChinese  menul2_item.o
    0x0800a248   0x00000012   Code   RO         1221    i.setLedringEffect0  menul3_item.o
    0x0800a25a   0x00000012   Code   RO         1222    i.setLedringEffect1  menul3_item.o
    0x0800a26c   0x00000012   Code   RO         1223    i.setLedringEffect2  menul3_item.o
    0x0800a27e   0x00000012   Code   RO         1224    i.setLedringEffect3  menul3_item.o
    0x0800a290   0x00000012   Code   RO         1225    i.setLedringEffect4  menul3_item.o
    0x0800a2a2   0x00000012   Code   RO         1226    i.setLedringEffect5  menul3_item.o
    0x0800a2b4   0x00000012   Code   RO         1227    i.setLedringEffect6  menul3_item.o
    0x0800a2c6   0x00000012   Code   RO         1228    i.setLedringEffect7  menul3_item.o
    0x0800a2d8   0x00000012   Code   RO         1229    i.setLedringEffect8  menul3_item.o
    0x0800a2ea   0x00000012   Code   RO         1230    i.setLedringEffect9  menul3_item.o
    0x0800a2fc   0x00000018   Code   RO          976    i.setMatchRadioConfig  match_ui.o
    0x0800a314   0x0000000c   Code   RO          900    i.setRCLock         main_ui.o
    0x0800a320   0x0000000c   Code   RO          807    i.setShow_ui        display.o
    0x0800a32c   0x0000000c   Code   RO          901    i.setTrimFlag       main_ui.o
    0x0800a338   0x0000011c   Code   RO         2053    i.show_font         text.o
    0x0800a454   0x000000ac   Code   RO         2054    i.show_str          text.o
    0x0800a500   0x0000004a   Code   RO         2055    i.show_str_mid      text.o
    0x0800a54a   0x00000002   PAD
    0x0800a54c   0x00000140   Code   RO            2    i.startTask         main.o
    0x0800a68c   0x00000044   Code   RO          486    i.stopBeepAcktion   beep.o
    0x0800a6d0   0x000001a0   Code   RO         1352    i.trim_ui           trim_ui.o
    0x0800a870   0x00000012   Code   RO         1231    i.turnOffExpModule  menul3_item.o
    0x0800a882   0x00000012   Code   RO         1232    i.turnOffVl53lxx    menul3_item.o
    0x0800a894   0x00000012   Code   RO         1233    i.turnOnExpModule   menul3_item.o
    0x0800a8a6   0x00000012   Code   RO         1234    i.turnOnVl53lxx     menul3_item.o
    0x0800a8b8   0x00000024   Code   RO         2933    i.usbGetDataWithTimout  hw_config.o
    0x0800a8dc   0x00000034   Code   RO         2935    i.usb_vcp_init      hw_config.o
    0x0800a910   0x00000010   Code   RO          441    i.usblinkDataProcessTask  atkp.o
    0x0800a920   0x00000074   Code   RO          699    i.usblinkInit       usblink.o
    0x0800a994   0x00000050   Code   RO          701    i.usblinkReceivePacketBlocking  usblink.o
    0x0800a9e4   0x000001f0   Code   RO          702    i.usblinkRxTask     usblink.o
    0x0800abd4   0x00000084   Code   RO          703    i.usblinkSendPacket  usblink.o
    0x0800ac58   0x000000a0   Code   RO          705    i.usblinkTxTask     usblink.o
    0x0800acf8   0x0000001a   Code   RO         2936    i.usbsendData       hw_config.o
    0x0800ad12   0x00000024   Code   RO         2120    i.uxListRemove      list.o
    0x0800ad36   0x00000010   Code   RO         1398    i.vApplicationStackOverflowHook  freertosdebug.o
    0x0800ad46   0x00000016   Code   RO         2121    i.vListInitialise   list.o
    0x0800ad5c   0x00000006   Code   RO         2122    i.vListInitialiseItem  list.o
    0x0800ad62   0x00000030   Code   RO         2123    i.vListInsert       list.o
    0x0800ad92   0x00000018   Code   RO         2124    i.vListInsertEnd    list.o
    0x0800adaa   0x00000002   PAD
    0x0800adac   0x000000a0   Code   RO         2790    i.vPortEnterCritical  port.o
    0x0800ae4c   0x00000068   Code   RO         2791    i.vPortExitCritical  port.o
    0x0800aeb4   0x000000e0   Code   RO         2873    i.vPortFree         heap_4.o
    0x0800af94   0x00000044   Code   RO         2792    i.vPortSetupTimerInterrupt  port.o
    0x0800afd8   0x000000d4   Code   RO         2793    i.vPortSuppressTicksAndSleep  port.o
    0x0800b0ac   0x000000ac   Code   RO         2794    i.vPortValidateInterruptPriority  port.o
    0x0800b158   0x00000024   Code   RO         2175    i.vQueueAddToRegistry  queue.o
    0x0800b17c   0x00000044   Code   RO         2178    i.vQueueWaitForMessageRestricted  queue.o
    0x0800b1c0   0x00000078   Code   RO         2375    i.vTaskDelay        tasks.o
    0x0800b238   0x000000d8   Code   RO         2377    i.vTaskDelete       tasks.o
    0x0800b310   0x0000000c   Code   RO         2379    i.vTaskMissedYield  tasks.o
    0x0800b31c   0x00000050   Code   RO         2381    i.vTaskPlaceOnEventList  tasks.o
    0x0800b36c   0x00000058   Code   RO         2382    i.vTaskPlaceOnEventListRestricted  tasks.o
    0x0800b3c4   0x00000084   Code   RO         2384    i.vTaskPriorityInherit  tasks.o
    0x0800b448   0x000000a0   Code   RO         2385    i.vTaskResume       tasks.o
    0x0800b4e8   0x00000044   Code   RO         2386    i.vTaskSetTimeOutState  tasks.o
    0x0800b52c   0x000000b8   Code   RO         2387    i.vTaskStartScheduler  tasks.o
    0x0800b5e4   0x00000074   Code   RO         2388    i.vTaskStepTick     tasks.o
    0x0800b658   0x000000dc   Code   RO         2389    i.vTaskSuspend      tasks.o
    0x0800b734   0x00000010   Code   RO         2390    i.vTaskSuspendAll   tasks.o
    0x0800b744   0x00000088   Code   RO         2391    i.vTaskSwitchContext  tasks.o
    0x0800b7cc   0x00000070   Code   RO         1235    i.vl53lxxMenuInit   menul3_item.o
    0x0800b83c   0x00000048   Code   RO         1453    i.writeBuf          24l01.o
    0x0800b884   0x00000024   Code   RO          392    i.writeConfigParamToFlash  config_param.o
    0x0800b8a8   0x0000003c   Code   RO         1454    i.writeReg          24l01.o
    0x0800b8e4   0x00000078   Code   RO         2795    i.xPortStartScheduler  port.o
    0x0800b95c   0x0000002c   Code   RO         2796    i.xPortSysTickHandler  port.o
    0x0800b988   0x00000080   Code   RO         2182    i.xQueueGenericCreate  queue.o
    0x0800ba08   0x00000184   Code   RO         2183    i.xQueueGenericReceive  queue.o
    0x0800bb8c   0x000000a0   Code   RO         2184    i.xQueueGenericReset  queue.o
    0x0800bc2c   0x0000018c   Code   RO         2185    i.xQueueGenericSend  queue.o
    0x0800bdb8   0x000000e0   Code   RO         2186    i.xQueueGenericSendFromISR  queue.o
    0x0800be98   0x000000e0   Code   RO         2187    i.xQueueGiveFromISR  queue.o
    0x0800bf78   0x00000094   Code   RO         2392    i.xTaskCheckForTimeOut  tasks.o
    0x0800c00c   0x00000056   Code   RO         2393    i.xTaskCreate       tasks.o
    0x0800c062   0x00000002   PAD
    0x0800c064   0x0000001c   Code   RO         2397    i.xTaskGetSchedulerState  tasks.o
    0x0800c080   0x0000000c   Code   RO         2398    i.xTaskGetTickCount  tasks.o
    0x0800c08c   0x00000104   Code   RO         2400    i.xTaskIncrementTick  tasks.o
    0x0800c190   0x000000d4   Code   RO         2403    i.xTaskPriorityDisinherit  tasks.o
    0x0800c264   0x0000009c   Code   RO         2404    i.xTaskRemoveFromEventList  tasks.o
    0x0800c300   0x000000ec   Code   RO         2406    i.xTaskResumeAll    tasks.o
    0x0800c3ec   0x00000080   Code   RO         2676    i.xTimerCreate      timers.o
    0x0800c46c   0x00000068   Code   RO         2677    i.xTimerCreateTimerTask  timers.o
    0x0800c4d4   0x00000088   Code   RO         2678    i.xTimerGenericCommand  timers.o
    0x0800c55c   0x0000014f   Data   RO          707    .constdata          usblink.o
    0x0800c6ab   0x00000020   Data   RO         1060    .constdata          menul1_item.o
    0x0800c6cb   0x00000040   Data   RO         1123    .constdata          menul2_item.o
    0x0800c70b   0x0000023a   Data   RO         1802    .constdata          font.o
    0x0800c945   0x00000474   Data   RO         1803    .constdata          font.o
    0x0800cdb9   0x00000d5c   Data   RO         1804    .constdata          font.o
    0x0800db15   0x00000f00   Data   RO         1805    .constdata          font.o
    0x0800ea15   0x000001b0   Data   RO         1806    .constdata          font.o
    0x0800ebc5   0x000000f0   Data   RO         1807    .constdata          font.o
    0x0800ecb5   0x000001b0   Data   RO         1808    .constdata          font.o
    0x0800ee65   0x00000104   Data   RO         1809    .constdata          font.o
    0x0800ef69   0x000000f0   Data   RO         1810    .constdata          font.o
    0x0800f059   0x000000f0   Data   RO         1811    .constdata          font.o
    0x0800f149   0x00000060   Data   RO         1812    .constdata          font.o
    0x0800f1a9   0x00000010   Data   RO         2023    .constdata          scrollbar.o
    0x0800f1b9   0x00000012   Data   RO         3063    .constdata          usb_desc.o
    0x0800f1cb   0x00000043   Data   RO         3064    .constdata          usb_desc.o
    0x0800f20e   0x00000004   Data   RO         3065    .constdata          usb_desc.o
    0x0800f212   0x00000026   Data   RO         3066    .constdata          usb_desc.o
    0x0800f238   0x00000032   Data   RO         3067    .constdata          usb_desc.o
    0x0800f26a   0x00000002   PAD
    0x0800f26c   0x000000d3   Data   RO          873    .conststring        joystickcalib_ui.o
    0x0800f33f   0x00000001   PAD
    0x0800f340   0x00000149   Data   RO          978    .conststring        match_ui.o
    0x0800f489   0x00000003   PAD
    0x0800f48c   0x0000000c   Data   RO         1012    .conststring        menu_ui.o
    0x0800f498   0x00000154   Data   RO         1062    .conststring        menul1_item.o
    0x0800f5ec   0x000001f5   Data   RO         1124    .conststring        menul2_item.o
    0x0800f7e1   0x00000003   PAD
    0x0800f7e4   0x000001a3   Data   RO         1237    .conststring        menul3_item.o
    0x0800f987   0x00000001   PAD
    0x0800f988   0x00000099   Data   RO         1323    .conststring        reset_ui.o
    0x0800fa21   0x00000003   PAD
    0x0800fa24   0x00000007   Data   RO         1984    .conststring        messagebox.o
    0x0800fa2b   0x00000001   PAD
    0x0800fa2c   0x00000151   Data   RO         2056    .conststring        text.o
    0x0800fb7d   0x00000003   PAD
    0x0800fb80   0x000001df   Data   RO         2196    .conststring        queue.o
    0x0800fd5f   0x00000001   PAD
    0x0800fd60   0x000000b3   Data   RO         2409    .conststring        tasks.o
    0x0800fe13   0x00000001   PAD
    0x0800fe14   0x00000042   Data   RO         2797    .conststring        port.o
    0x0800fe56   0x00000002   PAD
    0x0800fe58   0x0000008a   Data   RO         2878    .conststring        heap_4.o
    0x0800fee2   0x00000002   PAD
    0x0800fee4   0x00000020   Data   RO         5400    Region$$Table       anon$$obj.o


    Execution Region RW_IRAM1 (Base: 0x20000000, Size: 0x00004490, Max: 0x00005000, ABSOLUTE, COMPRESSED[0x000002d0])

    Base Addr    Size         Type   Attr      Idx    E Section Name        Object

    0x20000000   0x00000004   Data   RW            3    .data               main.o
    0x20000004   0x00000014   Data   RW          289    .data               system_stm32f10x.o
    0x20000018   0x00000004   Data   RW          320    .data               delay.o
    0x2000001c   0x0000003c   Data   RW          394    .data               config_param.o
    0x20000058   0x00000014   Data   RW          442    .data               atkp.o
    0x2000006c   0x00000018   Data   RW          487    .data               beep.o
    0x20000084   0x00000008   Data   RW          524    .data               joystick.o
    0x2000008c   0x0000000c   Data   RW          566    .data               keytask.o
    0x20000098   0x0000001c   Data   RW          596    .data               radiolink.o
    0x200000b4   0x0000000c   Data   RW          708    .data               usblink.o
    0x200000c0   0x00000001   Data   RW          808    .data               display.o
    0x200000c1   0x00000003   PAD
    0x200000c4   0x00000044   Data   RW          874    .data               joystickcalib_ui.o
    0x20000108   0x0000001c   Data   RW          903    .data               main_ui.o
    0x20000124   0x00000064   Data   RW          979    .data               match_ui.o
    0x20000188   0x00000058   Data   RW         1013    .data               menu_ui.o
    0x200001e0   0x00000078   Data   RW         1063    .data               menul1_item.o
    0x20000258   0x000000cc   Data   RW         1125    .data               menul2_item.o
    0x20000324   0x000000a8   Data   RW         1238    .data               menul3_item.o
    0x200003cc   0x00000058   Data   RW         1324    .data               reset_ui.o
    0x20000424   0x00000001   Data   RW         1353    .data               trim_ui.o
    0x20000425   0x00000003   PAD
    0x20000428   0x00000010   Data   RW         1455    .data               24l01.o
    0x20000438   0x00000001   Data   RW         1925    .data               lcmdrv.o
    0x20000439   0x00000003   PAD
    0x2000043c   0x00000030   Data   RW         1985    .data               messagebox.o
    0x2000046c   0x00000008   Data   RW         2057    .data               text.o
    0x20000474   0x0000003c   Data   RW         2410    .data               tasks.o
    0x200004b0   0x00000014   Data   RW         2686    .data               timers.o
    0x200004c4   0x00000018   Data   RW         2798    .data               port.o
    0x200004dc   0x00000018   Data   RW         2879    .data               heap_4.o
    0x200004f4   0x00000004   Data   RW         2938    .data               hw_config.o
    0x200004f8   0x0000001a   Data   RW         3068    .data               usb_desc.o
    0x20000512   0x00000002   PAD
    0x20000514   0x00000004   Data   RW         3084    .data               usb_endp.o
    0x20000518   0x0000000c   Data   RW         3109    .data               usb_istr.o
    0x20000524   0x0000001c   Data   RW         3110    .data               usb_istr.o
    0x20000540   0x0000001c   Data   RW         3111    .data               usb_istr.o
    0x2000055c   0x0000006c   Data   RW         3142    .data               usb_prop.o
    0x200005c8   0x00000002   Data   RW         3143    .data               usb_prop.o
    0x200005ca   0x00000002   PAD
    0x200005cc   0x00000024   Data   RW         3144    .data               usb_prop.o
    0x200005f0   0x00000004   Data   RW         3237    .data               usb_pwr.o
    0x200005f4   0x00000001   Data   RW         3238    .data               usb_pwr.o
    0x200005f5   0x00000003   PAD
    0x200005f8   0x00000008   Data   RW         3239    .data               usb_pwr.o
    0x20000600   0x00000004   Data   RW         3295    .data               usb_core.o
    0x20000604   0x00000001   Data   RW         3397    .data               usb_init.o
    0x20000605   0x00000003   PAD
    0x20000608   0x0000000c   Data   RW         3398    .data               usb_init.o
    0x20000614   0x00000002   Data   RW         3400    .data               usb_init.o
    0x20000616   0x00000004   Data   RW         3423    .data               usb_int.o
    0x2000061a   0x00000002   PAD
    0x2000061c   0x00000038   Zero   RW          393    .bss                config_param.o
    0x20000654   0x00000020   Zero   RW          595    .bss                radiolink.o
    0x20000674   0x00000010   Zero   RW          666    .bss                remoter_ctrl.o
    0x20000684   0x00000020   Zero   RW          706    .bss                usblink.o
    0x200006a4   0x0000000e   Zero   RW          902    .bss                main_ui.o
    0x200006b2   0x00000002   PAD
    0x200006b4   0x0000000c   Zero   RW          977    .bss                match_ui.o
    0x200006c0   0x00000118   Zero   RW         1059    .bss                menul1_item.o
    0x200007d8   0x000001dc   Zero   RW         1122    .bss                menul2_item.o
    0x200009b4   0x00000188   Zero   RW         1236    .bss                menul3_item.o
    0x20000b3c   0x00000064   Zero   RW         1580    .bss                adc.o
    0x20000ba0   0x00000400   Zero   RW         1643    .bss                oled.o
    0x20000fa0   0x00000400   Zero   RW         1728    .bss                stmflash.o
    0x200013a0   0x00000040   Zero   RW         2195    .bss                queue.o
    0x200013e0   0x00000104   Zero   RW         2408    .bss                tasks.o
    0x200014e4   0x00000028   Zero   RW         2685    .bss                timers.o
    0x2000150c   0x00002800   Zero   RW         2877    .bss                heap_4.o
    0x20003d0c   0x00000308   Zero   RW         2937    .bss                hw_config.o
    0x20004014   0x00000040   Zero   RW         3083    .bss                usb_endp.o
    0x20004054   0x00000020   Zero   RW         3236    .bss                usb_pwr.o
    0x20004074   0x0000001c   Zero   RW         3396    .bss                usb_init.o
    0x20004090   0x00000400   Zero   RW         5047    STACK               startup_stm32f10x_md.o


==============================================================================

Image component sizes


      Code (inc. data)   RO Data    RW Data    ZI Data      Debug   Object Name

      1224         88          0         16          0      16117   24l01.o
       360         26          0          0        100       2449   adc.o
       224          8          0         20          0       3458   atkp.o
       340         52          0         24          0       6522   beep.o
       640          0          0          0          0       3442   button.o
       300         46          0         60         56      11007   config_param.o
         2          0          0          0          0        617   debug_assert.o
       532        142          0          0          0        903   debug_ui.o
       200         20          0          4          0       3117   delay.o
       134         16          0          1          0       4717   display.o
         0          0      10910          0          0       1414   font.o
        16          0          0          0          0       7020   freertosdebug.o
      2188          0          0          0          0      12308   gui_basic.o
       108          0          0          0          0       1447   gui_menu.o
       688        244        138         24      10240       4851   heap_4.o
       572         58          0          4        776      14602   hw_config.o
       724         20          0          8          0       7571   joystick.o
       632         50        211         68          0       2605   joystickcalib_ui.o
        80         14          0          0          0        646   key.o
       380         22          0         12          0       1980   keytask.o
       116          0          0          1          0       5085   lcmdrv.o
        80          8          0          0          0        646   led.o
       136          0          0          0          0       3874   list.o
       432        164          0          4          0     272097   main.o
      1312        224          0         28         14       7602   main_ui.o
       520         38        329        100         12       4175   match_ui.o
       838         32         12         88          0       6216   menu_ui.o
       312         70        372        120        280       4644   menul1_item.o
      1184        268        565        204        476      14493   menul2_item.o
       664        132        419        168        392      12095   menul3_item.o
       350         22          7         48          0       4072   messagebox.o
       164         24          0          0          0       3343   misc.o
      1314         64          0          0       1024      12346   oled.o
      1178        408         66         24          0      13122   port.o
      2068        320        479          0         64      24525   queue.o
       876        324          0         28         32       8271   radiolink.o
       732         64          0          0         16       5665   remoter_ctrl.o
       200         20        153         88          0      18438   reset_ui.o
       292          6         16          0          0       2705   scrollbar.o
        36          8        236          0       1024        908   startup_stm32f10x_md.o
       364         22          0          0          0       9698   stm32f10x_adc.o
       308         10          0          0          0       4162   stm32f10x_dma.o
       156         14          0          0          0       2812   stm32f10x_exti.o
       226         30          0          0          0       6287   stm32f10x_flash.o
       306         12          0          0          0       6216   stm32f10x_gpio.o
        12          0          0          0          0       3337   stm32f10x_it.o
       128         34          0          0          0       4253   stm32f10x_rcc.o
        98          0          0          0          0       4726   stm32f10x_spi.o
       254          4          0          0       1024       3885   stmflash.o
         4          0          0          0          0        595   sys.o
       248         24          0         20          0       2305   system_stm32f10x.o
      3630       1062        179         60        260      37794   tasks.o
       530         12        337          8          0       4294   text.o
      1180        300          0         20         40      11458   timers.o
       760        108          0          1          0       3305   trim_ui.o
      2186        284          0          4          0      18291   usb_core.o
         0          0        177         26          0       1371   usb_desc.o
       192         20          0          4         64       3036   usb_endp.o
        40         18          0         15         28       4738   usb_init.o
       344         30          0          4          0       2152   usb_int.o
       332         24          0         68          0       2091   usb_istr.o
        72         10          0          0          0       2312   usb_mem.o
       568        102          0        146          0      13953   usb_prop.o
       352         42          0         13         32       4828   usb_pwr.o
       582        100          0          0          0      12573   usb_regs.o
        68          8          0          0          0       1962   usb_sil.o
       984        218        335         12         32       9229   usblink.o
       194          4          0          0          0       2035   windows.o

    ----------------------------------------------------------------------
     36322       5494      14996       1564      15988     714813   Object Totals
         0          0         32          0          0          0   (incl. Generated)
        56          0         23         21          2          0   (incl. Padding)

    ----------------------------------------------------------------------

      Code (inc. data)   RO Data    RW Data    ZI Data      Debug   Library Member Name

        86          0          0          0          0          0   __dczerorl2.o
         0          0          0          0          0          0   entry.o
         0          0          0          0          0          0   entry10a.o
         0          0          0          0          0          0   entry11a.o
         8          4          0          0          0          0   entry2.o
         4          0          0          0          0          0   entry5.o
         0          0          0          0          0          0   entry7b.o
         0          0          0          0          0          0   entry8b.o
         8          4          0          0          0          0   entry9a.o
        30          0          0          0          0          0   handlers.o
        36          8          0          0          0         68   init.o
         0          0          0          0          0          0   iusefp.o
        30          0          0          0          0         68   llshl.o
        36          0          0          0          0         68   llsshr.o
        32          0          0          0          0         68   llushr.o
        36          0          0          0          0         68   memcpya.o
        36          0          0          0          0        108   memseta.o
      2276         86          0          0          0        520   printfa.o
        14          0          0          0          0         68   strlen.o
        44          0          0          0          0         80   uidiv.o
        98          0          0          0          0         92   uldiv.o
        48          0          0          0          0         68   cdcmple.o
        48          0          0          0          0         68   cdrcmple.o
        20          0          0          0          0         68   cfcmple.o
        20          0          0          0          0         68   cfrcmple.o
        56          0          0          0          0         88   d2f.o
       334          0          0          0          0        148   dadd.o
       222          0          0          0          0        100   ddiv.o
       186          0          0          0          0        176   depilogue.o
        48          0          0          0          0         68   dfixul.o
        34          0          0          0          0         76   dflti.o
        26          0          0          0          0         76   dfltui.o
       228          0          0          0          0         96   dmul.o
        46          0          0          0          0         80   dscalb.o
        38          0          0          0          0         68   f2d.o
       176          0          0          0          0        140   fadd.o
       124          0          0          0          0         88   fdiv.o
       110          0          0          0          0        168   fepilogue.o
        50          0          0          0          0         68   ffixi.o
        40          0          0          0          0         68   ffixui.o
        18          0          0          0          0         68   fflti.o
       100          0          0          0          0         76   fmul.o

    ----------------------------------------------------------------------
      4750        102          0          0          0       3132   Library Totals
         4          0          0          0          0          0   (incl. Padding)

    ----------------------------------------------------------------------

      Code (inc. data)   RO Data    RW Data    ZI Data      Debug   Library Name

      2774        102          0          0          0       1208   mc_w.l
      1972          0          0          0          0       1924   mf_w.l

    ----------------------------------------------------------------------
      4750        102          0          0          0       3132   Library Totals

    ----------------------------------------------------------------------

==============================================================================


      Code (inc. data)   RO Data    RW Data    ZI Data      Debug   

     41072       5596      14996       1564      15988     696025   Grand Totals
     41072       5596      14996        720      15988     696025   ELF Image Totals (compressed)
     41072       5596      14996        720          0          0   ROM Totals

==============================================================================

    Total RO  Size (Code + RO Data)                56068 (  54.75kB)
    Total RW  Size (RW Data + ZI Data)             17552 (  17.14kB)
    Total ROM Size (Code + RO Data + RW Data)      56788 (  55.46kB)

==============================================================================

